[   .00000] Initiliin cgroup susy cuset
[   .000000] Initializing cgroup subsys cpu
[    0.000000] Initializing cgroup subsys cpuacct
[    0.000000] Linux version 4.4.-137-generic (buildd@l01-amd64-037) (gcc version 54. 216060 (butu 5.4.0-6ubuntu1~16.4.0)) #163-Ubuntu SMP Mon Sep 243:4:43 UTC 20 (buntu 4.4.-17.63-generic 44.44)
[    0.000000] Command line: BOOT_IMAGE=/boot/vmlinuz-4.4.0-137-generic root=LABEL=cloudimg-rootfs ro console=tty1 console=ttyS0
[    0.000000] KERNEL supported cpus:
[    0.000000]   Intel GenuineIntel
[    0.000000]   AD uthenticAMD
[    0.000000]   Centa CntaurHals
[   0.00000] 86fpu:xsate_offset[2]:  576,xstate_sizes[]: 256
[    0.0000] x86/fpu: uporing XSAVEfetue 0x01:'x7 flotiing pin rgisters'[    0.000000] x86/fpu: Supporting XSAVE feature 0x02: 'SSE registers'
[    0.000000] x86/fpu: Supporting XSAVE feature 0x04: 'AVX registers'
[    0.00000] x86/fpu: Enable xstate features 0x7, context si is 832 bytes, usng'sandard' format.
[    0.0000] e820: BIOS-prvided physical RAM map:[    0.0000] BIOSe820: [em 0x00000000000000-0x000000009fbff] usabl
[    0.000000] BIS-e820: [mem 0x000000000009fc00-0x000000000009ffff] reserved
[    0.000000] BIOS-e820: [mem 0x00000000000f0000-0x00000000000fffff] reserved
[    0.0000 BIOS-e820: [em 0x00000000100000-0x000000003ffeffff] usable
[    0.000000] BIOS-e820: [mem 0x000000003fff000-0x000000003fffffff] ACPI data
[    0.00000] BOS-e820: [mem 0x00000000fec00000-0x00000000ec0fff] reserve
   0.000000] IO-e20: [mem0x000000fee00000-0x00000000fee00fff] reserved
[    0.000000] BIOS-e820: [mem 0x00000000fffc0000-0x00000000ffffffff]reerved
[    0.000000] NX (Execute Disable) prtecio: active
[    0.000000] SMBIOS 2.5 present.
[    0.0000] Hypervisor detected: KV
   0.000000] e820: last_pfn = 0x3fff0 max_arch_pfn = 0x400000000
[    0.000000] MTRR: Disabled
[    0.000000] x86/PAT: MTRRs disabled, skippingPAT initialization too.
[    0.000000] CPU MTRRs all blank - virtualized system.
[    0.00000] x6/AT: Configuration [0-7]:   T  UC U  B  WT  UC- C 
    0.000000] found SMP MP-table at [mem 0x0009fff0-0x0009ffff] mappd t ffff88000009fff0]
[    0.000000] Scanning 1 areas for low memory corruption
[    0.000000] RAMDISK: [mem 0x3630e000-0x3717eff
    0.000000] ACPI: Early table checksum verification disabled
[    0.000000 API RSDP 0x00000000000000 00024 (v0 VOX )
[    0.000000] API XDT 0x000003FFF0030 00003C (v01 VBOX   VBOXXSDT 00000001 ASL  00000061)
[    0.000000] ACPI: FAC 000000003FFF0F 000F4 (v04 VBOX   VBOXFACP 00000001 ASL  00000061)
[    0.000000] ACPI: DSDT 0x000000003FFF0470 0021FF v0 VOX   BOBIS 00000002 INTL 20100528)
[    0.000000] ACPI: FACS 0x000000003FFF0200 000040
[    0.000000] ACPI: FACS 0x000000003FFF0200 000040
[    0.000000] ACPI: APIC 0x000000003FFF0240 00005C (v02 VBOX   VBXAIC 00000001 ASL  00000061)
[    0.000000] ACPI: SSDT 0x000000003FFF02A0 0001CC (v01 VBOX   VBOXCPUT 00000002 NTL 201000528)
[    0.0000] No UM configuration found
[    0.000000] Faking a node at [mem 0x0000000000000000-0x000000003ffeffff]
[    0.000000] NODE_DATA(0) allocated [mem 0x3ffeb000-0x3ffeffff]
[    0.000000] kvm-clock: Using msrs 4b564d01 and 4b564d00
[    .000000] kvm-clock: cpu 0, msr 0:3ffe3001, primary cpu clock
[    0.000000] kvm-clock: using sched offset of 4355263625 cycles
[  0.000000] locksource: kvm-clock: mask: 0xfffffffffffffmax_cyles: 0x1cd42e4dffb, max_idle_ns: 881590591483 ns
[  0.000000] Zone ranges:
[    0.000000]   DMA      [mem 0x00000000000010000x00000000fffff]
[    .000000]  MA32    [mem 0x000000010000-0x000000003ffeffff]
[   .00000   Normal   empty
[    0000000]   Devie   emp
    0.000000] Movable onstart for each node
[    0.000000] Early memory node ranges
[   0.000000]   node   0: [mem 0x0000000000001000x0000000009efff]
[    0.000000]   node   0: [mem 0x0000000000100000-0x000000003ffeffff]
[    0.00000] Initmem setup node 0 [mem 0x00000000010000x0000000ffeffff]
[    0.000000] AACPI: PM-Timer IO Port: 0x4008
[    0.000000] IOAPIC[0]: apic_id 2, version 32, addrs 0xfc00000, GSI 0-3[    0.000000] ACPI IT_SRC_OVR (bus 0 bus_irq 0 global_irq 2 dfl dfl)
[    0000000] ACPI: INT_SRC_OVR (bus 0 bus_irq 9 global_irq 9 low level)
[    0.000000] Using ACPI (MADT) for SMP configuration information
[   0000000] smpoo: llwin 2CPUs, 0 hotplug CPUs
[    0.000000] PM:Reisered nosaveemory: mem 0x000000-0x0000ff
[    0000000] M: Regstered nosave memory: [mem 0x0009f000-0x0009ffff]
[    0.0000] PM: Registered nosave memry: [mem 0x00a000-0x000effff]
[    0.000000] PM: Registered nosave memory [em0x000f0000-0x000fffff]
[    0.000000] e820: [mem 0x40000000-0xfebffff] vailable for PCI devices
    0.00000]Boting pravirtalzed kernel on M
[    0.000000] losource:rened-jifie: mask: 0xffffffff max_cycles: 0xffffffff,max_idle_ns 74551600211568 ns
[    0.000000] setup_percpu: NR_CPUS:512 nr_cpumask_bits:52 nr_cpu_ids:2 nr_node_ids:1
[    0.000000] PERCPU: Embedded 34 pages/cpu @fff88003fc00000 s99608 r8192 d31464 u1048576
[    0.000000] PV qspinock hash table entries 26 order: 0, 4096 bytes)
[   0.000000] Built 1 zonelist i Node rdr,mobility grouping on.  Toal pge: 257912
[  0000000] Policy one: DMA32
[   .000000 Krnl command line: BOOTIMGE/boot/vmlinuz-4.4.0-137-generic root=LABEL=cloudimg-rootfs ro console=tty1 console=ttyS0
[    0.00000 PD hashtable entries: 4096 (order: 3, 32768 bytes
[    0.000000] Memory: 997716K/1048120K available (8555K kne code, 1314K rwdata, 4004K rodata, 1528K init, 1316K bss, 50404K reserved, 0K cma-reserved)
[    0.000000] SLUB: HWalign=64, Order=0-3, MinObjects=0, CPUs=2, Nodes=1
[    0.000000] Kernel/User page tables isolation: enabled
[    0.000000] Hierarchical RCU iplementation.
[    0.000000] 	Build-time adjustment of leaf fanout to 64.
[    0.000000] 	RCU restricting CPUs from NR_CPUS=512 tonr_cpu_ids=2.
[    0.000000]RC: djusting gemeryfor rcu_fou_leaf=64, nr_cpu_ids=2
[    0.000000] NR_IRQS:3324nrirqs:44016
[    0.000000 Console: colour VGA+ 80x25
[    0.00000] onsole [tty1] enabled
[    0.000000] console[ttyS0] enabled
[    0.000000] tsc: Detected 1599.999 MHz processr
[    7.03803] Calibrating delay loop (skipped) preset value.. 3199.99 BogoMIPS (lpj=6399996)
[    7.075656] pid_max: default: 32768 minimum: 301
[    7.090384] ACPI: Core revision 20150930
[    7.096614] ACPI: 2 ACPI AML tables successfully acquired and loaded
[    7.126019] Security Framework initialized
[    7.134165] Yama: becoming mindful.
[    7.155543] AppArmor: AppArmor initialized
[    7.182904] Dentry cache hash table entries: 131072 (order: 8, 1048576 bytes)
[    7.208918] Inode-cache hash table entries: 65536 (order: 7, 524288 bytes)
[    7.250885] Mount-cache hash table entries: 2048 (order: 2, 16384 bytes)
[    7.277673] Mountpoint-cache hash table entries: 2048 (order: 2, 16384 bytes)
[    7.315241] Initializing cgroup subsys io
[    7.346104] Initializing cgroup subsys memory
[    7.377782] Initializing cgroup subsys devices
[    7.398106] Initializing cgroup subsys freezer
[    7.410714] Initializing cgroup subsys net_cls
[    7.418910] Initializing cgroup subsys perf_event
[    7.460108] Initializing cgroup subsys net_prio
[    7.482176] Initializing cgroup subsys hugetlb
[    7.488266] Initializing cgroup subsys pids
[    7.503737] mce: CPU supports 0 MCE banks
[    7.526549] Last level iTLB entries: 4KB 64, 2MB 8, 4MB 8
[    7.546776] Last level dTLB entries: 4KB 64, 2MB 0, 4MB 0, 1GB 4
[    7.563102] Spectre V2 : Mitigation: Full generic retpoline
[    7.566887] Spectre V2 : Spectre v2 mitigation: Speculation control IBPB not-supported IBRS not-supported
[    7.582317] Spectre V2 : Spectre v2 / SpectreRSB mitigation: Filling RSB on context switch
[    7.588328] Speculative Store Bypass: Vulnerable
[    7.607556] Freeing SMP alternatives memory: 32K
[    7.640191] ftrace: allocating 32265 entries in 127 pages
[    7.738900] smpboot: APIC(0) Converting physical 0 to logical package 0
[    7.762466] smpboot: Max logical packages: 1
[    7.800022] x2apic enabled
[    7.801925] Switched APIC routing to physical x2apic.
[    7.823714] ..TIMER: vector=0x30 apic1=0 pin1=2 apic2=-1 pin2=-1
[    7.973717] smpboot: CPU0: Intel(R) Core(TM) i5-5250U CPU @ 1.60GHz (family: 0x6, model: 0x3d, stepping: 0x4)
[    8.047359] Performance Events: unsupported p6 CPU model 61 no PMU driver, software events only.
[    8.095730] KVM setup paravirtual spinlock
[    8.116566] x86: Booting SMP configuration:
[    8.124668] .... node  #0, CPUs:      #1
[    8.134815] kvm-clock: cpu 1, msr 0:3ffe3041, secondary cpu clock
[    8.137200] mce: CPU supports 0 MCE banks
[    8.140007] x86: Booted up 1 node, 2 CPUs
[    8.151111] smpboot: Total of 2 processors activated (6399.99 BogoMIPS)
[    8.161441] devtmpfs: initialized
[    8.164069] evm: security.selinux
[    8.165173] evm: security.SMACK64
[    8.166654] evm: security.SMACK64EXEC
[    8.178763] evm: security.SMACK64TRANSMUTE
[    8.180024] evm: security.SMACK64MMAP
[    8.181386] evm: security.ima
[    8.182474] evm: security.capability
[    8.189309] clocksource: jiffies: mask: 0xffffffff max_cycles: 0xffffffff, max_idle_ns: 7645041785100000 ns
[    8.198668] futex hash table entries: 512 (order: 3, 32768 bytes)
[    8.216137] pinctrl core: initialized pinctrl subsystem
[    8.232037] RTC time: 10:26:11, date: 10/18/18
[    8.237889] NET: Registered protocol family 16
[    8.254050] cpuidle: using governor ladder
[    8.290937] cpuidle: using governor menu
[    8.292975] PCCT header not found.
[    8.294302] ACPI: bus type PCI registered
[    8.295702] acpiphp: ACPI Hot Plug PCI Controller Driver version: 0.5
[    8.329687] PCI: Using configuration type 1 for base access
[    8.369027] ACPI: Added _OSI(Module Device)
[    8.370892] ACPI: Added _OSI(Processor Device)
[    8.385660] ACPI: Added _OSI(3.0 _SCP Extensions)
[    8.425924] ACPI: Added _OSI(Processor Aggregator Device)
[    8.435481] ACPI: Executed 1 blocks of module-level executable AML code
[    8.453499] ACPI: Interpreter enabled
[    8.463347] ACPI: (supports S0 S5)
[    8.477731] ACPI: Using IOAPIC for interrupt routing
[    8.485918] PCI: Using host bridge windows from ACPI; if necessary, use "pci=nocrs" and report a bug
[    8.501093] ACPI: PCI Root Bridge [PCI0] (domain 0000 [bus 00-ff])
[    8.527836] acpi PNP0A03:00: _OSC: OS supports [ASPM ClockPM Segments MSI]
[    8.538494] acpi PNP0A03:00: _OSC: not requesting OS control; OS requires [ExtendedConfig ASPM ClockPM MSI]
[    8.540952] acpi PNP0A03:00: fail to add MMCONFIG information, can't access extended PCI configuration space under this bridge.
[    8.582451] PCI host bridge to bus 0000:00
[    8.599155] pci_bus 0000:00: root bus resource [io  0x0000-0x0cf7 window]
[    8.634926] pci_bus 0000:00: root bus resource [io  0x0d00-0xffff window]
[    8.667476] pci_bus 0000:00: root bus resource [mem 0x000a0000-0x000bffff window]
[    8.708936] pci_bus 0000:00: root bus resource [mem 0x40000000-0xfdffffff window]
[    8.723338] pci_bus 0000:00: root bus resource [bus 00-ff]
[    8.761281] pci 0000:00:01.1: legacy IDE quirk: reg 0x10: [io  0x01f0-0x01f7]
[    8.806016] pci 0000:00:01.1: legacy IDE quirk: reg 0x14: [io  0x03f6]
[    8.818695] pci 0000:00:01.1: legacy IDE quirk: reg 0x18: [io  0x0170-0x0177]
[    8.834559] pci 0000:00:01.1: legacy IDE quirk: reg 0x1c: [io  0x0376]
[    8.884234] pci 0000:00:07.0: quirk: [io  0x4000-0x403f] claimed by PIIX4 ACPI
[    8.911928] pci 0000:00:07.0: quirk: [io  0x4100-0x410f] claimed by PIIX4 SMB
[    8.946039] ACPI: PCI Interrupt Link [LNKA] (IRQs 5 9 10 *11)
[    8.967669] ACPI: PCI Interrupt Link [LNKB] (IRQs 5 9 *10 11)
[    8.998828] ACPI: PCI Interrupt Link [LNKC] (IRQs 5 *9 10 11)
[    9.026759] ACPI: PCI Interrupt Link [LNKD] (IRQs 5 9 10 *11)
[    9.045434] ACPI: Enabled 2 GPEs in block 00 to 07
[    9.062658] vgaarb: setting as boot device: PCI:0000:00:02.0
[    9.075413] vgaarb: device added: PCI:0000:00:02.0,decodes=io+mem,owns=io+mem,locks=none
[    9.092521] vgaarb: loaded
[    9.094567] vgaarb: bridge control possible 0000:00:02.0
[    9.097012] SCSI subsystem initialized
[    9.104239] ACPI: bus type USB registered
[    9.114775] usbcore: registered new interface driver usbfs
[    9.138793] usbcore: registered new interface driver hub
[    9.158508] usbcore: registered new device driver usb
[    9.174150] PCI: Using ACPI for IRQ routing
[    9.188771] NetLabel: Initializing
[    9.198618] NetLabel:  domain hash size = 128
[    9.206384] NetLabel:  protocols = UNLABELED CIPSOv4
[    9.208890] NetLabel:  unlabeled traffic allowed by default
[    9.242534] amd_nb: Cannot enumerate AMD northbridges
[    9.254763] clocksource: Switched to clocksource kvm-clock
[    9.272202]AppArmor: AppAor FilysemEnabled
[    9.500468] pnp: PnP ACPI init
    9.502755] pnp: PnP ACPI: found 3 devices

[    9.547192] clocksource: acpi_pm: mask: 0xffffff max_cycles: 0xfffff, max_idle_ns: 2085701024 ns
[   9.581224] NET: Registered protocol family 2
[    9.806]TC established hash table entries: 8192 (order: 4, 65536byte)[   9.8661]TC bndhah ableenris:812 orer 5, 13072 bytes
[   10.426888] TCP: Hash tables configured (tablihe 892 bind 8192)
[  1.6620] DPhah abe entie: 12 rdr:2,1684byes)
[   11.225989] UDP-Lite hash table entries: 512 orer 2, 16384 bytes)
[   11.315920] NET: Registered protocol family 1
[   11.317526] pci 0000:00:00.0: Limiting dret I/PCItransfers
[   11.578486] pc 0000:0:1.: ctivatin IA MAhag oraruns
[  12.029477] Unpackin initrams..
[   12.440043] Freeing initrd memory: 14788K
[   12.474327] RAPL PMU detected, API unit is 2^-32 Joules, 4 fixed counters 10737418240 ms ovfl timer
[   12.493381] hw unit of domain pp0-core 2^-0 Joules
[   12.499504] hw unit of domain package 2^-0 Joules
[   12.526618] hw unit of domain dram 2^-0 Joules
[   12.548174] hw unit of domain pp1-gpu 2^-0 Joules
[   2.75933] platform rt_cos: registered platform RTC device (no PNP device found)
[  2.69633] Scanning for low memory corruption every 60 seconds

[   12.802923] audit: initializing netlink subsys (disabled)
[   12.818721] audit: type=2000 audit(1539858373.662:1): initialized
[   12.829908] Initialise system trusted keyring
[   12.843883]HueTLB registred 2 MB page size, pre-allocated 0 pages
[  12.973836 zud ladd
[   13.164368] VFS: Disk quotasdqot6..0
[  1.30969]VF: qut-ace hash tableenries: 512 (oder 0, 496bytes)
[  13.5756] tsc: Refined TSC clocksource calibration: 1599.667 MHz
[   13.576569] clocksource: tsc: mask: 0xffffffffffffffff max_cycles: 0x170eea64fd2, max_idle_ns: 440795264239 ns
[   13.822323] squashfs: version 4.0 (2009/01/31) Phillip Lougher

[ 13.82435] us iit(AI verson7.23)

[   14.156357] Key type big_key registered
[   14.183215] Allocating IMA MOK and blacklist keyrings.
[   14.192384] Key type asymmetric registered
[   14.193357] Asymmetric key parser 'x509' registered
[   14.194568] Block layer SCSI generic (bsg) driver version 0.4 loaded (major 249)
[   14.233765] io scheduler noop registered
[   14.243065] io scheduler deadline registered (default)
[   14.262585] io scheduler cfq registered
[   14.267128] pci_hotplug: PCI Hot Plug PCI Core version: 0.5
[   14.299565] pciehp: PCI Express Hot Plug Controller Driver version: 0.4
[   14.367464] ACPI: AC Adapter [AC] (off-line)
[   14.384551] input: Power Button as /devices/LNXSYSTM:00/LNXPWRBN:00/input/input0
[   14.408494] ACPI: Power Button [PWRF]
[   14.423038] input: Sleep Button as /devices/LNXSYSTM:00/LNXSLPBN:00/input/input1
[   14.433096] ACPI: Sleep Button [SLPF]
[   14.451907] ACPI: Battery Slot [BAT0] (battery present)
[   14.500591] GHES: HEST is not enabled!
[   14.507506] Serial: 8250/16550 driver, 32 ports, IRQ sharing enabled
[   14.558007] 00:02: ttyS0 at I/O 0x3f8 (irq = 4, base_baud = 115200) is a 16550A
[   14.594092] Linux agpgart interface v0.103
[   14.615465] loop: module loaded
[   14.644667] scsi host0: ata_piix
[   14.649492] scsi host1: ata_piix
[   14.674941] ata1: PATA max UDMA/33 cmd 0x1f0 ctl 0x3f6 bmdma 0xd000 irq 14
[   14.707638] ata2: PATA max UDMA/33 cmd 0x170 ctl 0x376 bmdma 0xd008 irq 15
[   14.762130] libphy: Fixed MDIO Bus: probed
[   14.770686] tun: Universal TUN/TAP device driver, 1.6
[   14.774122] tun: (C) 1999-2004 Max Krasnyansky <maxk@qualcomm.com>
[   14.844494] PPP generic driver version 2.4.2
[   14.862775] ehci_hcd: USB 2.0 'Enhanced' Host Controller (EHCI) Driver
[   14.888346] ehci-pci: EHCI PCI platform driver
[   14.953745] ehci-platform: EHCI generic platform driver
[   14.970264] ohci_hcd: USB 1.1 'Open' Host Controller (OHCI) Driver
[   14.979398] ohci-pci: OHCI PCI platform driver
[   14.991538] ohci-platform: OHCI generic platform driver
[   15.005455] uhci_hcd: USB Universal Host Controller Interface driver
[   15.012870] i8042: PNP: PS/2 Controller [PNP0303:PS2K,PNP0f03:PS2M] at 0x60,0x64 irq 1,12
[   15.077744] serio: i8042 KBD port at 0x60,0x64 irq 1
[   15.096162] serio: i8042 AUX port at 0x60,0x64 irq 12
[   15.136322] mousedev: PS/2 mouse device common for all mice
[   15.178213] rtc_cmos rtc_cmos: rtc core: registered rtc_cmos as rtc0
[   15.203953] input: AT Translated Set 2 keyboard as /devices/platform/i8042/serio0/input/input2
[   15.272535] rtc_cmos rtc_cmos: alarms up to one day, 114 bytes nvram
[   15.346959] i2c /dev enties drve
[   15.432114] devce-mapper uvet: version 1.0.3
[   15.576482] device-mapper: ioctl: 4.34.0-ioctl (2015-10-28) initialised: dm-devel@redhat.com
[   15.604566] ledtrig-cpu: registered to indicate activity on CPUs
[   15.630335] NET: Registered protocol family 10
[   15.646461] NET: Registered protocol family 17
[   15.653064] Key type dns_resolver registered
[   15.664906] registered taskstats version 1
[   15.687903] Loading compiled-in X.509 certificates
[   15.706000] Loaded X.509 cert 'Build time autogenerated kernel key: 20acc96b50ca7641011eace69d32209215a9b56f'
[   15.744917] zswap: loaded using pool lzo/zbud
[   15.757683] Key type trusted registered
[   15.769059] Key type encrypted registered
[   15.779236] AppArmor: AppArmor sha1 policy hashing enabled
[   15.815918] ima: No TPM chip found, activating TPM-bypass!
[   15.848788] ima: Allocated hash algorithm: sha1
[   15.895599] evm: HMAC attrs: 0x1
[   15.899647]   Magic number: 6:810:426
[   15.906871] rtc_cmos rtc_cmos: setting system clock to 2018-10-18 10:26:19 UTC (1539858379)
[   15.916335] BIOS EDD facility v0.16 2004-Jun-25, 0 devices found
[   15.945452] EDD information not available.
[   15.958612] Freeing unused kernel memory: 1528K
[   15.983168] Write protecting the kernel read-only data: 14336k
[   16.005936] Freeing unused kernel memory: 1672K
[   16.023354] Freeing unused kernel memory: 92K
Loading, please wait...
starting version 229
[   16.065589] random: systemd-udevd: uninitialized urandom read (16 bytes read, 5 bits of entropy available)
[   16.067152] random: udevadm: uninitialized urandom read (16 bytes read, 5 bits of entropy available)
[   16.067179] random: udevadm: uninitialized urandom read (16 bytes read, 5 bits of entropy available)
[   16.082061] random: udevadm: uninitialized urandom read (16 bytes read, 5 bits of entropy available)
[   16.082116] random: udevadm: uninitialized urandom read (16 bytes read, 5 bits of entropy available)
[   16.082262] random: udevadm: uninitialized urandom read (16 bytes read, 5 bits of entropy available)
[   16.082319] random: udevadm: uninitialized urandom read (16 bytes read, 5 bits of entropy available)
[   16.082371] random: udevadm: uninitialized urandom read (16 bytes read, 5 bits of entropy available)
[   16.082424] random: udevadm: uninitialized urandom read (16 bytes read, 5 bits of entropy available)
[   16.082472] random: udevadm: uninitialized urandom read (16 bytes read, 5 bits of entropy available)
[   16.277973] e1000: Intel(R) PRO/1000 Network Driver - version 7.3.21-k8-NAPI
[   16.312525] e1000: Copyright (c) 1999-2006 Intel Corporation.
[   16.323756] Fusion MPT base driver 3.04.20
[   16.325026] Copyright (c) 1999-2008 LSI Corporation
[   16.342243] Fusion MPT SPI Host driver 3.04.20
[   16.356850] AVX2 version of gcm_enc/dec engaged.
[   16.358257] AES CTR mode by8 optimization enabled
[   16.565256] input: ImExPS/2 Generic Explorer Mouse as /devices/platform/i8042/serio1/input/input4
[   16.700476] e1000 0000:00:03.0 eth0: (PCI:33MHz:32-bit) 02:28:89:27:00:51
[   17.530598] e1000 0000:00:03.0 eth0: Intel(R) PRO/1000 Network Connection
[   18.503531] e1000 0000:00:08.0 eth1: (PCI:33MHz:32-bit) 08:00:27:fb:6e:ca
[   18.532271] e1000 0000:00:08.0 eth1: Intel(R) PRO/1000 Network Connection
[   18.534966] mptbase: ioc0: Initiating bringup
[   18.535343] e1000 0000:00:08.0 enp0s8: renamed from eth1
[   18.568102] e1000 0000:00:03.0 enp0s3: renamed from eth0
[   18.631960] ioc0: LSI53C1030 A0: Capabilities={Initiator}
[   18.807999] scsi host2: ioc0: LSI53C1030 A0, FwRev=00000000h, Ports=1, MaxQ=256, IRQ=20
[   18.988224] scsi 2:0:0:0: Direct-Access     VBOX     HARDDISK         1.0  PQ: 0 ANSI: 5
[   19.549597] scsi target2:0:0: Beginning Domain Validation
[   19.559200] scsi target2:0:0: Domain Validation skipping write tests
[   19.560905] scsi target2:0:0: Ending Domain Validation
[   19.562433] scsi target2:0:0: asynchronous
[   19.566095] scsi 2:0:1:0: Direct-Access     VBOX     HARDDISK         1.0  PQ: 0 ANSI: 5
[   19.581310] scsi target2:0:1: Beginning Domain Validation
[   19.585722] scsi target2:0:1: Domain Validation skipping write tests
[   19.587130] scsi target2:0:1: Ending Domain Validation
[   20.476660] scsi target2:0:1: asynchronous
[   20.510188] sd 2:0:0:0: Attached scsi generic sg0 type 0
[   20.511581] sd 2:0:0:0: [sda] 20971520 512-byte logical blocks: (10.7 GB/10.0 GiB)
[   20.513797] sd 2:0:1:0: [sdb] 20480 512-byte logical blocks: (10.5 MB/10.0 MiB)
[   20.514080] sd 2:0:1:0: Attached scsi generic sg1 type 0
[   20.514307] sd 2:0:0:0: [sda] Write Protect is off
[   20.514416] sd 2:0:0:0: [sda] Incomplete mode parameter data
[   20.514417] sd 2:0:0:0: [sda] Assuming drive cache: write through
[   20.531117]  sda: sda1
[   20.532109] sd 2:0:0:0: [sda] Attached SCSI disk
[   20.600391] sd 2:0:1:0: [sdb] Write Protect is off
[   20.608606] sd 2:0:1:0: [sdb] Incomplete mode parameter data
[   20.615740] sd 2:0:1:0: [sdb] Assuming drive cache: write through
[   20.628629] sd 2:0:1:0: [sdb] Attached SCSI disk
Begin: Loading e[   22.105048] md: linear personality registered for level -1
ssential drivers[   22.155410] md: multipath personality registered for level -4
 ... [   22.179340] md: raid0 personality registered for level 0
[   22.216007] md: raid1 personality registered for level 1
[   22.294782] raid6: sse2x1   gen()  7205 MB/s
[   22.370862] raid6: sse2x1   xor()  5542 MB/s
[   22.454800] raid6: sse2x2   gen()  9186 MB/s
[   22.534999] raid6: sse2x2   xor()  5743 MB/s
[   22.610839] raid6: sse2x4   gen() 11396 MB/s
[   22.699222] raid6: sse2x4   xor()  6271 MB/s
[   22.790802] raid6: avx2x1   gen() 15302 MB/s
[   22.887016] raid6: avx2x2   gen() 13663 MB/s
[   22.958845] raid6: avx2x4   gen() 13438 MB/s
[   22.973596] raid6: using algorithm avx2x1 gen() 15302 MB/s
[   22.999566] raid6: using avx2x2 recovery algorithm
[   23.032929] xor: automatically using best checksumming function:
[   23.094873]    avx       : 20942.000 MB/sec
[   23.108297] async_tx: api initialized (async)
[   23.127317] md: raid6 personality registered for level 6
[   23.133386] md: raid5 personality registered for level 5
[   23.156122] md: raid4 personality registered for level 4
[   23.181411] md: raid10 personality registered for level 10
done.
Begin: Running /scripts/init-premount ... done.
Begin: Mounting root file system ... Begin: R[   23.225650] Btrfs loaded
unning /scripts/local-top ... done.
Begin: Running /scripts/local-premount ... Scanning for Btrfs filesystems
done.
Warning: fsck not present, so skipping root file system
[   23.342942] EXT4-fs (sda1): mounted filesystem with ordered data mode. Opts: (null)
done.
Begin: Running /scripts/local-bottom ... done.
Begin: Running /scripts/init-bottom ... done.
[   23.764164] systemd[1]: systemd 229 running in system mode. (+PAM +AUDIT +SELINUX +IMA +APPARMOR +SMACK +SYSVINIT +UTMP +LIBCRYPTSETUP +GCRYPT +GNUTLS +ACL +XZ -LZ4 +SECCOMP +BLKID +ELFUTILS +KMOD -IDN)
[   23.841349] systemd[1]: Detected virtualization oracle.
[   23.856723] systemd[1]: Detected architecture x86-64.

Welcome to [1mUbuntu 16.04.5 LTS[0m!

[   23.914114] systemd[1]: Set hostname to <ubuntu-xenial>.
[   24.637427] sysem[1: isnig onDevice-mapperevent daemonFFIFOs.
[[0;32m  OK  [0m] Listening on Device-mapper event daemon FIFOs.
[   25.502107] systemd[1: Listening on LVM2 etadata daemon sockt.
[[0;32m  OK  [0m] Listening on LVM2 metadata daemon socket.
[  25.6786] systmd1] Litein o Sslg ocet
[[0;32m  OK  [0m] Listening on Syslog Socket.
[   26.451142] systemd[1]: Listening on udev Kerne Socket. [[0;32m  OK  [0m] Listening on udev Kernel Socket.
[   26.606908] systemd[1]: Set up autmount Arbitrary Executable File Formats File System Automount Point.
[[0;32m  OK  [0m] Set up automount Arbitrary Executab...ats File System Automount Point.
[  2.507426systmd1] Racedtarget Encrypted Volumes.
[[0;32m  OK  [0m] Reached target Encrypted Volumes.
[   28.422235] systemd[1]: Listening on Journal Socket (/dev/log).
[[0;32m  OK  [0m] Listening on Journal Socket (/dev/log).
[   28.481709] systemd[1]: Reached target System Time Synchronized.
[[0;32m  OK  [0m] Reached target System Time Synchronized.
[   28.486278] systemd[1]: Reachetarge Sap.
[[0;32m  OK  [0m] Reached target Swap.
[   28.659917] systemd[1]: Listening on LVM2 poll daemon socket.
[[0;32m  OK  [0m] Listening on LVM2 poll daemon socket.
[   28.900547] sstmd1]: rete sic Uer and SessionSlce
[[0;32m  OK  [0m] Created slice User and Session Slice.
[   2.29094] systemd[1]: Listening n udv Control Socket.
[[0;32m  OK  [0m] Listening on udev Control Socket.
[   29.572970systemd[1]: Started Trigger resolvconf update for networkd DNS.
[[0;32m  OK  [0m] Started Trigger resolvconf update for networkd DNS.
[   29.659024] systemd[1]: Listening on /dev/initctlCopaibliy amedPie.
[[0;32m  OK  [0m] Listening on /dev/initctl Compatibility Named Pipe.
[   30.527648]systemd[1]: Listeningon Journal ocet
[[0;32m  OK  [0m] Listening on Journal Socket.
[   31.502662] systemd[1]: Reached target User and Group Name Looup.
[[0;32m  OK  [0m] Reached target User and Group Name Lookups.
[  31.602154] systemd1]: isenngonJournal Audit Socket.
[[0;32m  OK  [0m] Listening on Journal Audit Socket.
[  32.436365] sysemd[1]: Cread slicSystem Slice. [[0;32m  OK  [0m] Created slice System Slice.
[  32.946891] random: nonblocking pool is initialized
[   32.976999] systemd[1]: Reached taget Slics.
[[0;32m  OK  [0m] Reached target Slices.
[   33.127641] systemd[1]: Starting Nameserver information manager...
         Starting Nameserver information manager...
[   33.148298] systemd[1]: Starting Set console keymap...
         Starting Set console keymap...
[   33.211143] systemd[1]: Mounting Huge Pages File System...
         Mounting Huge Pages File System...
[   33.215338] systemd[1]: Starting Journal Service...
         Starting Journal Service...
[   33.225712] systemd[1]: Created slice system-serial\x2dgetty.slice.
[[0;32m  OK  [0m] Created slice system-serial\x2dgetty.slice.
[   33.267841] systemd[1]: Starting Monitoring of LVM2 mirrors, snapshots etc. using dmeventd or progress polling...
         Starting Monitoring of LVM2 mirrors... dmeventd or progress polling...
[   33.294184] systemd[1]: Starting Load Kernel Modules...
         Starting Load Kernel Modules...
[   33.298909] systemd[1]: Mounting POSIX Message Queue File System...
         Mounting POSIX Message Queue File System...
[   33.314248] systemd[1]: Starting Create list of required static device nodes for the current kernel...
[   33.324746] Loading iSCSI transport class v2.0-870.
         Starting Create list of required st... nodes for the current kernel...
[   33.349671] systemd[1]: Starting Remount Root and Kernel File Systems...
         Starting Remount Root and Kernel File Systems...
[   33.363358] systemd[1]: Started Forward Password Requests to Wall Directory Watch.
[[0;32m  OK  [[   33.380605] iscsi: registered transport (tcp)
0m] Started Forward Password Req[   33.404034] EXT4-fs (sda1): re-mounted. Opts: (null)
uests to Wall Directory Watch.
[   33.459505] systemd[1]: Mounting Debug File System...
         Mounting Debug File System...
[   33.487637] iscsi: registered transport (iser)
[   33.495775] systemd[1]: Starting Uncomplicated firewall...
         Starting Uncomplicated firewall...
[   33.520794] systemd[1]: Mounted Debug File System.
[[0;32m  OK  [0m] Mounted Debug File System.
[ 33.579671] systemd[1]: Mounted POSIX Message Queue File System.
[[0;32m  OK  [0m] Mounted POSIX Message Queue File System.
[  3.6974]syted[1]: Mounted Huge PaesFie ysem
[[0;32m  OK  [0m] Mounted Huge Pages File System.
[   34.000541] systemd[1]: Started Journal Service.
[[0;32m  OK  [0m] Started Journal Service.
[[0;32m  OK  [0m] Started Set console keymap.
[[0;32m  OK  [0m] Started Load Kernel Modules.
[[0;32m  OK  [0m] Started Create list of required sta...ce nodes for the current kernel.
[[0;32m  OK  [0m] Started Remount Root and Kernel File Systems.
[[0;32m  OK  [0m] Started Uncomplicated firewall.
[[0;32m  OK  [0m] Started Nameserver information manager.
[[0;32m  OK  [0m] Started LVM2 metadata daemon.
         Starting udev Coldplug all Devices...
         Starting Load/Save Random Seed...
         Starting Create Static Device Nodes in /dev...
         Mounting FUSE Control File System...
         Starting Apply Kernel Variables...
         Starting Flush Journal to Persistent Storage...
[[0;32m  OK  [0m] Started Load/Save Random Seed.
[[0;32m  OK  [0m] Mounted FUSE Control File System.
[[0;32m  OK  [0m] Started Apply Kernel Variables.
[[0;32m  OK  [0m] Started Create Static Device Nodes in /dev.
[[0;32m  OK  [0m] Started udev Coldplug all Devices.
[[0;32m  OK  [0m] Started Flush Journal to Persistent Storage.
         Starting udev Kernel Device Manager...
[[0;32m  OK  [0m] Started Monitoring of LVM2 mirrors,...ng dmeventd or progress polling.
[[0;32m  OK  [0m] Started udev Kernel Device Manager.
[[0;32m  OK  [0m] Started Dispatch Password Requests to Console Directory Watch.
[[0;32m  OK  [0m] Reached target Local File Systems (Pre).
[[0;32m  OK  [0m] Reached target Local File Systems.
         Starting Set console font and keymap...
         Starting Tell Plymouth To Write Out Runtime Data...
         Starting Create Volatile Files and Directories...
         Starting LSB: AppArmor initialization...
         Starting Initial cloud-init job (pre-networking)...
[[0;32m  OK  [0m] Started Tell Plymouth To Write Out Runtime Data.
[[0;32m  OK  [0m] Found device /dev/ttyS0.
[[0;32m  OK  [0m] Listening on Load/Save RF Kill Switch Status /dev/rfkill Watch.
[[0;32m  OK  [0m] Started Create Volatile Files and Directories.
[[0;32m  OK  [0m] Started LSB: AppArmor initialization.
         Starting Update UTMP about System Boot/Shutdown...
[[0;32m  OK  [0m] Found device 82540EM Gigabit Ethern...r (PRO/1000 MT Desktop Adapter).
[[0;32m  OK  [0m] Found device 82540EM Gigabit Ethern...r (PRO/1000 MT Desktop Adapter).
[[0;32m  OK  [0m] Started Update UTMP about System Boot/Shutdown.
[[0;32m  OK  [0m] Started Set console font and keymap.
[[0;32m  OK  [0m] Created slice system-getty.slice.
[   28.639087] cloud-init[499]: Cloud-init v. 18.3-9-g2e62cb8a-0ubuntu1~16.04.2 running 'init-local' at Thu, 18 Oct 2018 10:26:40 +0000. Up 28.08 seconds.
[[0;32m  OK  [0m] Started Initial cloud-init job (pre-networking).
[[0;32m  OK  [0m] Reached target Network (Pre).
[[0;32m  OK  [0m] Started ifup for enp0s3.
         Starting Raise network interfaces...
[[0;32m  OK  [0m] Started ifup for enp0s8.
[[0;32m  OK  [0m] Started Raise network interfaces.
[[0;32m  OK  [0m] Reached target Network.
         Starting Initial cloud-init job (metadata service crawler)...
[   30.133894] cloud-init[1057]: Cloud-init v. 18.3-9-g2e62cb8a-0ubuntu1~16.04.2 running 'init' at Thu, 18 Oct 2018 10:26:41 +0000. Up 29.50 seconds.
[   30.188088] cloud-init[1057]: ci-info: ++++++++++++++++++++++++++++++++++++++Net device info+++++++++++++++++++++++++++++++++++++++
[   30.252440] cloud-init[1057]: ci-info: +--------+------+-----------------------------+---------------+--------+-------------------+
[   30.252712] cloud-init[1057]: ci-info: | Device |  Up  |           Address           |      Mask     | Scope  |     Hw-Address    |
[   30.253944] cloud-init[1057]: ci-info: +--------+------+-----------------------------+---------------+--------+-------------------+
[   30.254127] cloud-init[1057]: ci-info: | enp0s3 | True |          10.0.2.15          | 255.255.255.0 | global | 02:28:89:27:00:51 |
[   30.254301] cloud-init[1057]: ci-info: | enp0s3 | True |   fe80::28:89ff:fe27:51/64  |       .       |  link  | 02:28:89:27:00:51 |
[   30.254485] cloud-init[1057]: ci-info: | enp0s8 | True |        192.168.10.101       | 255.255.255.0 | global | 08:00:27:fb:6e:ca |
[   30.254657] cloud-init[1057]: ci-info: | enp0s8 | True | fe80::a00:27ff:fefb:6eca/64 |       .       |  link  | 08:00:27:fb:6e:ca |
[   30.254829] cloud-init[1057]: ci-info: |   lo   | True |          127.0.0.1          |   255.0.0.0   |  host  |         .         |
[   30.255001] cloud-init[1057]: ci-info: |   lo   | True |           ::1/128           |       .       |  host  |         .         |
[   30.255171] cloud-init[1057]: ci-info: +--------+------+-----------------------------+---------------+--------+-------------------+
[   30.255339] cloud-init[1057]: ci-info: ++++++++++++++++++++++++++++Route IPv4 info++++++++++++++++++++++++++++
[   30.255512] cloud-init[1057]: ci-info: +-------+--------------+----------+---------------+-----------+-------+
[   30.255687] cloud-init[1057]: ci-info: | Route | Destination  | Gateway  |    Genmask    | Interface | Flags |
[   30.255858] cloud-init[1057]: ci-info: +-------+--------------+----------+---------------+-----------+-------+
[[0;32m  OK  [0m] Started Initial cloud-init job (metadata service crawler).
[[0;32m  OK  [0m] Reached target Network is Online.
[   30.256169] cloud-init[1057]: ci-info: |   0   |   0.0.0.0    | 10.0.2.2 |    0.0.0.0    |   enp0s3  |   UG  |
[   31.158721] cloud-init[1057]: ci-info: |   1   |   10.0.2.0   | 0.0.0.0  | 255.255.255.0 |   enp0s3  |   U   |
         Starting iSCSI initiator daemon (iscsid)...
[[0;32m  OK  [0m] Reached target Cloud-config availability.
[[0;32m  OK  [0m] Reached target System Initialization.
[[0;32m  OK  [0m] Started Daily Cleanup of Temporary Directories.
[   31.191439] cloud-init[1057]: ci-info: |   2   | 192.168.10.0 | 0.0.0.0  | 255.255.255.0 |   enp0s8  |   U   |
[   31.269107] cloud-init[1057]: ci-info: +-------+--------------+----------+---------------+-----------+-------+
[[0;32m  OK  [0m] Started Daily apt download activities.
[[0;32m  OK  [0m] Listening on ACPID Listen Socket.
[   31.332626] cloud-init[1057]: ci-info: +++++++++++++++++++Route IPv6 info+++++++++++++++++++
[   31.407698] cloud-init[1057]: ci-info: +-------+-------------+---------+-----------+-------+
[   31.449149] cloud-init[1057]: ci-info: | Route | Destination | Gateway | Interface | Flags |
         Starting LXD - unix socket.
[   31.470584] cloud-init[1057]: ci-info: +-------+-------------+---------+-----------+-------+
[   31.534415] cloud-init[1057]: ci-info: |   0   |  fe80::/64  |    ::   |   enp0s8  |   U   |
[   31.589703] cloud-init[1057]: ci-info: |   1   |  fe80::/64  |    ::   |   enp0s3  |   U   |
[[0;32m  OK  [0m] Started ACPI Events Check.
[[0;32m  OK  [0m] Reached target Paths.
[[0;32m  OK  [0m] Listening on UUID daemon activation socket.
[   31.603751] cloud-init[1057]: ci-info: |   4   |   ff00::/8  |    ::   |   enp0s8  |   U   |
[   31.674200] cloud-init[1057]: ci-info: |   5   |   ff00::/8  |    ::   |   enp0s3  |   U   |
[[0;32m  OK  [0m] Started Daily apt upgrade and clean activities.
[   31.699459] cloud-init[1057]: ci-info: +-------+-------------+---------+-----------+-------+
[[0;32m  OK  [0m] Reached target Timers.
[[0;32m  OK  [0m] Listening on D-Bus System Message Bus Socket.
         Starting Socket activation for snappy daemon.
[[0;32m  OK  [0m] Listening on LXD - unix socket.
[[0;32m  OK  [0m] Listening on Socket activation for snappy daemon.
[[0;32m  OK  [0m] Started iSCSI initiator daemon (iscsid).
         Starting Login to default iSCSI targets...
[[0;32m  OK  [0m] Reached target Sockets.
[[0;32m  OK  [0m] Reached target Basic System.
         Starting A high performance web server and a reverse proxy server...
[[0;32m  OK  [0m] Started D-Bus System Message Bus.
[[0;32m  OK  [0m] Started Unattended Upgrades Shutdown.
         Starting System Logging Service...
         Starting Accounts Service...
[[0;32m  OK  [0m] Started ACPI event daemon.
         Starting LSB: Record successful boot for GRUB...
[[0;32m  OK  [0m] Started Deferred execution scheduler.
[[0;32m  OK  [0m] Started Regular background program processing daemon.
         Starting Login Service...
         Starting /etc/rc.local Compatibility...
         Starting Virtualbox guest utils...
         Starting LSB: MD monitoring daemon...
[[0;32m  OK  [0m] Started FUSE filesystem for LXC.
         Starting Snappy daemon...
         Starting OpenBSD Secure Shell server...
         Starting LXD - container startup/shutdown...
[[0;32m  OK  [0m] Started System Logging Service.
[[0;32m  OK  [0m] Started /etc/rc.local Compatibility.
[[0;32m  OK  [0m] Started A high performance web server and a reverse proxy server.
[[0;32m  OK  [0m] Started Login to default iSCSI targets.
[[0;32m  OK  [0m] Started OpenBSD Secure Shell server.
[[0;32m  OK  [0m] Started LSB: Record successful boot for GRUB.
[[0;32m  OK  [0m] Started LSB: MD monitoring daemon.
[[0;32m  OK  [0m] Started Login Service.
[[0;32m  OK  [0m] Started LXD - container startup/shutdown.
         Starting Authenticate and Authorize Users to Run Privileged Tasks...
[[0;32m  OK  [0m] Reached target Remote File Systems (Pre).
[[0;32m  OK  [0m] Reached target Remote File Systems.
         Starting LSB: Set the CPU Frequency Scaling governor to "ondemand"...
         Starting LSB: daemon to balance interrupts for SMP systems...
         Starting Permit User Sessions...
         Starting LSB: automatic crash report generation...
[[0;32m  OK  [0m] Started Snappy daemon.
[[0;32m  OK  [0m] Started Virtualbox guest utils.
[[0;32m  OK  [0m] Started Permit User Sessions.
[[0;32m  OK  [0m] Started Authenticate and Authorize Users to Run Privileged Tasks.
[[0;32m  OK  [0m] Started Accounts Service.
[[0;32m  OK  [0m] Started LSB: Set the CPU Frequency Scaling governor to "ondemand".
         Starting Terminate Plymouth Boot Screen...
         Starting Hold until boot process finishes up...
         Starting Wait until snapd is fully seeded...
[[0;32m  OK  [0m] Started LSB: daemon to balance interrupts for SMP systems.
[[0;32m  OK  [0m] Started LSB: automatic crash report generation.
[[0;32m  OK  [0m] Started Terminate Plymouth Boot Screen.
[[0;32m  OK  [0m] Started Hold until boot process finishes up.
[[0;32m  OK  [0m] Started Wait until snapd is fully seeded.
         Starting Apply the settings specified in cloud-config...
[[0;32m  OK  [0m] Started Serial Getty on ttyS0.
         Starting Set console scheme...
[[0;32m  OK  [0m] Started Getty on tty1.
[[0;32m  OK  [0m] Reached target Login Prompts.
[[0;32m  OK  [0m] Reached target Multi-User System.
[[0;32m  OK  [0m] Reached target Graphical Interface.
         Starting Update UTMP about System Runlevel Changes...
[[0;32m  OK  [0m] Started Set console scheme.
[[0;32m  OK  [0m] Started Update UTMP about System Runlevel Changes.
[[0;32m  OK  [0m] Created slice User Slice of vagrant.
         Starting User Manager for UID 1000...
[[0;32m  OK  [0m] Started Session 1 of user vagrant.
[[0;32m  OK  [0m] Started User Manager for UID 1000.
[   34.030398] cloud-init[1295]: Cloud-init v. 18.3-9-g2e62cb8a-0ubuntu1~16.04.2 running 'modules:config' at Thu, 18 Oct 2018 10:26:46 +0000. Up 33.82 seconds.
[[0;32m  OK  [0m] Started Apply the settings specified in cloud-config.
         Starting Execute cloud user/final scripts...
[   34.922364] cloud-init[1381]: Cloud-init v. 18.3-9-g2e62cb8a-0ubuntu1~16.04.2 running 'modules:final' at Thu, 18 Oct 2018 10:26:46 +0000. Up 34.70 seconds.
[   34.929257] cloud-init[1381]: Cloud-init v. 18.3-9-g2e62cb8a-0ubuntu1~16.04.2 finished at Thu, 18 Oct 2018 10:26:47 +0000. Datasource DataSourceNoCloud [seed=/dev/sdb][dsmode=net].  Up 34.90 seconds
[[0;32m  OK  [0m] Started Execute cloud user/final scripts.
[[0;32m  OK  [0m] Reached target Cloud-init target.

Ubuntu 16.04.5 LTS ubuntu-xenial ttyS0

ubuntu-xenial login: 