[  0.00000 Initializing cgroup subsys cpuset
[    0.000000] Initializing cgroup subsys cpu
[    0.000000] Initializing cgroup subsys cpuacct
[    0.000000] Linux version 4.4.0-137-generic (buildd@lgw01-amd64-037) (gcc version 5.4.0 20160609 (Ubuntu 5.4.0-6ubuntu1~16.04.10) ) #163-Ubuntu SMP Mon Sep 24 13:14:43 UTC 2018 (buntu 4.0-37.163-generic 4.4.144)
[    0.000000] Command line: BOOT_IMAGE=/boot/vmlinuz-4.4.0-137-generic root=LABEL=cloudimg-rootfs ro console=tty1 console=ttyS0
[    0.000000]ERNEL supported cpus:
[    0.000000]   Intel GenuineIntel
[    0.000000]   AMD AuthenticAMD
[    0.000000]   CentaurenaurHauls
[   .00000] x86fpu: xtae_offse[2:  576 xstate_sizes[2]:  256
[    0.000000] x86/fpu: Supporting XSAVE feature 0x1: 'x87 loating pointreisers'
[   0.0000] x86/fpu: Suppotig SAVE featre 0x0: SSE registers'
[   .000000] x86/fpu: Suporing XSAVEfetue 0x04 'VX registers'
[    0.000000] x86/fpu: Enbled xstate features 0x7, context szeis832 bytes, using 'standard' format.
[    0.000000] e820: BIOS-provided physical RAM map:
[    0.000000] BIOS-e820: [mem 0x0000000000000000-0x000000000009fbff] usable
[    0.000000] BIOS-e820: [mem 0x000000000009fc00-000000000009ffff] reserved
[    0.000000 BIO-e82: [mem 0x00000000000f0000-0x00000000000fffff] reserved
[    0.000000] BI-e820: mem 0x00000000100000x0000003effff] sable
[   0.00000] BIOS-e820: [mm x00000003fff00-0x000000003fffffff] ACPI dta
[    0.000000] BIOS-e20 [mem 0x00000000fec00000-0x00000000fec00fff] reserved
[    0.000000] BIOS-e820: [mem 0x00000000fee00000-0x00000000fee00fff] reserved
[    0.000000] BIOS-e820: [mem 0x00000000fffc0000-0x00000000ffffffff] reserved
[    0.000000] NX (Execute Disable) protection: active
[    0.000000] SMBIOS 2. pesnt.
[    0.00000] Hyperviso dtected: KVM
[    0.000000] e820: last_pfn = 0x3fff0 max_arch_pfn = 0x400000000
[    0.000000] MTRR: Disabled
[    0.000000] x86/PAT: MTRRs disabled, skipping PAT initialization too.
[    0.000000] CPU MTRRs all blank - virtualized system.
[    .00000] x86/PAT: Configuration [0-7]: WB  WT  UC- UC  WB  WT  UC- UC  
[    0.0000] found SP P-able at [mem0x009fff0-00009ffff] apped at ffff88000009ff0
    0.00000] caning 1 aras for low memory corruption
[    0.000000] RAMDISK: [mem 0x3630000-0x3717efff]
[    0.000000] ACPI: arly table checksum verification disabled
[    0.000000] ACPI: RSDP 0x0000000000E0000 0024 (v2 VBOX  )
[    0.000000] ACPI: XSDT0x00000003FFF030 003C (v01 VBOX   VBOXXSDT 00000001 ASL  00000061)
[    0.000000] ACPI: FACP 0x000000003FFF00F0 0000F4 (v04 VBOX   VBOXFACP 00000001 ASL  00000061)
[   0.0000] ACPI DDT0x000000003FFF0470 0021FF (v02 VBOX   VBOXBIOS 00000002 INTL 20100528)
[    0.000000] ACPI: FACS 0x000000003FFF0200 000040
[    0.000000] ACPI: FACS 0x000000003FFF0200 000040
[    0.000000] ACPI: APIC 0x000000003FFF0240 00005C (v02 VBOX   VBOXAPIC 00000001 ASL  00000061)
[    0.000000] ACPI: SSDT 0x0000003FFF2A 001CC (v01 VBO  BOXCPUT 00000002 INTL 20100528)[   0.000000]  NMA configuration found
[    0.000000Fakin a node at[mm x0000000000000-0x000000003ffefff
    000000] NOE_DATA(0) aocted [mem 0x3ffeb000-0x3ffeffff]
[    0.000000] kvm-clock: Using msrs 4b564d01 and 4b564d00
[    0.000000] kvm-clock: cpu 0, mr :3fe33001,prmay cpu clock
[    0.000000] kvm-clock: using sched offset of 3426404333 cycles
[    0.00000] clocksource: kvm-clock: mask: 0fffffffffffffff maxcyle: 0x1cd42e4dffb, max_idle_ns: 81590591483 ns
[    000000] Zoe rage:
[    0.000000]   DM     [mem 0x0000000000001000-0x0000000000ffffff]
[    0.000000]   DMA32   [mm x0000000001000000-0x000000003ffeffff]
[    0.000000]   Normal   empty
[    0.000000]   Device   ept
[    0.000000] Movabe on start fr ac node
[   .000000] Early memory node ranges
[    0.000000]  ode   0 [em0x0000000000000-0x000000000009efff]
[   .000000]   node   0: [mem 0x0000000000100000-0x0000003feffff][   0.000000] Iniemsetup node  [mem 0x0000000000001000-0x00000003ffeffff]
[    0.000000] ACPI: PM-Timer IO Port: 0x4008
[    0.000000] IOAPIC[0]: apic_id 2, version 32, address 0xfec00000, GSI 0-23
[    0.00000 API: INT_SRC_OVR (bus 0 bus_irq 0 global_irq 2 dfl dfl)
[    0.000000] ACPI: INT_SRC_OVR (bus 0 bus_irq 9 global_ir 9low level)
[    0.000000] Using ACPI (MADT) for SMP configuration nformation
[    0.000000] smpboot:Allowing  CPU,  htplug CUs
[    0.000000 PM: Risered nosave memory: [mem x0000000-0x00000fff]
[    0.000000] PM: Regiserd osave memory: [mem 0x0009f000-0x0009ffff]
[    0.000000] PM: Registered noav mmory: [mem0x000000-0x00efff]
[   .00000] P: egistered nosavememory: [mem 0x000f0000-0x000fffff]
[    0.000000] e820: [mem 0x40000000-0xfebfffff] available for PCI devices
[    0.000000] Booting paravirtualizeed rnl on KVM
[   .00000] clckource rined-jiffis: mak: 0xffffffff max_cycles: 0xffffffff, max_idle_ns: 7645519600211568 ns
[    0.000000] setup_percpu: NR_CPUS:512 nr_cpumask_bits:512 nr_cpu_ids:2 nr_node_ids:1
[    0.000000] PERCPU: Embedded 34 pages/cpu @ffff88003fc00000 s99608 r8192 d31464 u1048576
[    0.000000] PV qspinlock hash table entries: 256 (order: 0, 4096 bytes)
[    0.00000] Built  zonelts in Node order, mobility grouping on.  Total pages: 257912
[    0.000000] Policy zone: DMA32
[    0.000000] Kernel command line: BOOT_IMAGE=/boot/vmlinuz-4.4.0-137-gneicroot=LAEL=cludmg-roots ro conol=tty1 console=ttyS0
[    0.000000] PID hash table entries: 4096 (order: 3, 32768 bytes)
[    0.000000] Memory: 997716K/1048120K available (8555K kernel code, 1314K rwdata, 4004K rodata, 1528K init, 1316K bss, 50404K reserved, 0K cma-reserved)
[    0.000000] SLUB: HWalign=64, Order=0-3, MinObjects=0, CPUs=2, Nodes=1
[    0.000000] Kernel/User page tales isolation: enabled
[    0.000000] Herarchical RCU implementation.
[    0.00000] 	Buil-time adjustment of leaf fanout to 64.
[    0.000000] 	RCU restricting CPUs from NR_CPUS=512 to nr_cpu_ids=2.
[    0.000000] RCU: Adjusting geometry for rcu_fanout_leaf=64, nr_cpu_ids=2
[    0.000000] NR_IRQS:33024 nr_irqs:440 16
[    0.000000] Console: colour A+ 80x25
[    0.000000] console [tty1] enabled
[    0.000000] console [ttyS0] enabled
[    0.000000] tsc: Detected 1599.999 MHz processor
[    5.686862] Calibrating delay loop (skipped) preset value.. 3199.99 BogoMIPS (lpj=6399996)
[    5.702880] pid_max: default: 32768 minimum: 301
[    5.704237] ACPI: Core revision 20150930
[    5.707255] ACPI: 2 ACPI AML tables successfully acquired and loaded
[    5.758723] Security Framework initialized
[    5.774753] Yama: becoming mindful.
[    5.807094] AppArmor: AppArmor initialized
[    5.809174] Dentry cache hash table entries: 131072 (order: 8, 1048576 bytes)
[    5.859153] Inode-cache hash table entries: 65536 (order: 7, 524288 bytes)
[    5.891179] Mount-cache hash table entries: 2048 (order: 2, 16384 bytes)
[    5.911012] Mountpoint-cache hash table entries: 2048 (order: 2, 16384 bytes)
[    5.968258] Initializing cgroup subsys io
[    5.991445] Initializing cgroup subsys memory
[    6.022310] Initializing cgroup subsys devices
[    6.058330] Initializing cgroup subsys freezer
[    6.087275] Initializing cgroup subsys net_cls
[    6.098950] Initializing cgroup subsys perf_event
[    6.110640] Initializing cgroup subsys net_prio
[    6.134906] Initializing cgroup subsys hugetlb
[    6.142982] Initializing cgroup subsys pids
[    6.172990] mce: CPU supports 0 MCE banks
[    6.174373] Last level iTLB entries: 4KB 64, 2MB 8, 4MB 8
[    6.198959] Last level dTLB entries: 4KB 64, 2MB 0, 4MB 0, 1GB 4
[    6.202853] Spectre V2 : Mitigation: Full generic retpoline
[    6.227265] Spectre V2 : Spectre v2 mitigation: Speculation control IBPB not-supported IBRS not-supported
[    6.248906] Spectre V2 : Spectre v2 / SpectreRSB mitigation: Filling RSB on context switch
[    6.290124] Speculative Store Bypass: Vulnerable
[    6.303380] Freeing SMP alternatives memory: 32K
[    6.326642] ftrace: allocating 32265 entries in 127 pages
[    6.405394] smpboot: APIC(0) Converting physical 0 to logical package 0
[    6.435118] smpboot: Max logical packages: 1
[    6.461092] x2apic enabled
[    6.463482] Switched APIC routing to physical x2apic.
[    6.500462] ..TIMER: vector=0x30 apic1=0 pin1=2 apic2=-1 pin2=-1
[    6.650176] smpboot: CPU0: Intel(R) Core(TM) i5-5250U CPU @ 1.60GHz (family: 0x6, model: 0x3d, stepping: 0x4)
[    6.653360] Performance Events: unsupported p6 CPU model 61 no PMU driver, software events only.
[    6.657611] KVM setup paravirtual spinlock
[    6.667718] x86: Booting SMP configuration:
[    6.668958] .... node  #0, CPUs:      #1
[    6.670360] kvm-clock: cpu 1, msr 0:3ffe3041, secondary cpu clock
[    6.733045] mce: CPU supports 0 MCE banks
[    6.764911] x86: Booted up 1 node, 2 CPUs
[    6.779457] smpboot: Total of 2 processors activated (6399.99 BogoMIPS)
[    6.790181] devtmpfs: initialized
[    6.798260] evm: security.selinux
[    6.799321] evm: security.SMACK64
[    6.818115] evm: security.SMACK64EXEC
[    6.834377] evm: security.SMACK64TRANSMUTE
[    6.849865] evm: security.SMACK64MMAP
[    6.860607] evm: security.ima
[    6.870029] evm: security.capability
[    6.882801] clocksource: jiffies: mask: 0xffffffff max_cycles: 0xffffffff, max_idle_ns: 7645041785100000 ns
[    6.907963] futex hash table entries: 512 (order: 3, 32768 bytes)
[    6.926101] pinctrl core: initialized pinctrl subsystem
[    6.934612] RTC time:  7:56:59, date: 10/19/18
[    6.950376] NET: Registered protocol family 16
[    6.979733] cpuidle: using governor ladder
[    6.999514] cpuidle: using governor menu
[    7.023463] PCCT header not found.
[    7.034183] ACPI: bus type PCI registered
[    7.047579] acpiphp: ACPI Hot Plug PCI Controller Driver version: 0.5
[    7.077480] PCI: Using configuration type 1 for base access
[    7.101250] ACPI: Added _OSI(Module Device)
[    7.119555] ACPI: Added _OSI(Processor Device)
[    7.121154] ACPI: Added _OSI(3.0 _SCP Extensions)
[    7.144209] ACPI: Added _OSI(Processor Aggregator Device)
[    7.160232] ACPI: Executed 1 blocks of module-level executable AML code
[    7.174003] ACPI: Interpreter enabled
[    7.175056] ACPI: (supports S0 S5)
[    7.176023] ACPI: Using IOAPIC for interrupt routing
[    7.185598] PCI: Using host bridge windows from ACPI; if necessary, use "pci=nocrs" and report a bug
[    7.247856] ACPI: PCI Root Bridge [PCI0] (domain 0000 [bus 00-ff])
[    7.303235] acpi PNP0A03:00: _OSC: OS supports [ASPM ClockPM Segments MSI]
[    7.327751] acpi PNP0A03:00: _OSC: not requesting OS control; OS requires [ExtendedConfig ASPM ClockPM MSI]
[    7.375052] acpi PNP0A03:00: fail to add MMCONFIG information, can't access extended PCI configuration space under this bridge.
[    7.416304] PCI host bridge to bus 0000:00
[    7.427763] pci_bus 0000:00: root bus resource [io  0x0000-0x0cf7 window]
[    7.448494] pci_bus 0000:00: root bus resource [io  0x0d00-0xffff window]
[    7.470266] pci_bus 0000:00: root bus resource [mem 0x000a0000-0x000bffff window]
[    7.507243] pci_bus 0000:00: root bus resource [mem 0x40000000-0xfdffffff window]
[    7.517008] pci_bus 0000:00: root bus resource [bus 00-ff]
[    7.530307] pci 0000:00:01.1: legacy IDE quirk: reg 0x10: [io  0x01f0-0x01f7]
[    7.547034] pci 0000:00:01.1: legacy IDE quirk: reg 0x14: [io  0x03f6]
[    7.560363] pci 0000:00:01.1: legacy IDE quirk: reg 0x18: [io  0x0170-0x0177]
[    7.590255] pci 0000:00:01.1: legacy IDE quirk: reg 0x1c: [io  0x0376]
[    7.661996] pci 0000:00:07.0: quirk: [io  0x4000-0x403f] claimed by PIIX4 ACPI
[    7.680371] pci 0000:00:07.0: quirk: [io  0x4100-0x410f] claimed by PIIX4 SMB
[    7.697295] ACPI: PCI Interrupt Link [LNKA] (IRQs 5 9 10 *11)
[    7.712426] ACPI: PCI Interrupt Link [LNKB] (IRQs 5 9 *10 11)
[    7.740154] ACPI: PCI Interrupt Link [LNKC] (IRQs 5 *9 10 11)
[    7.762974] ACPI: PCI Interrupt Link [LNKD] (IRQs 5 9 10 *11)
[    7.779940] ACPI: Enabled 2 GPEs in block 00 to 07
[    7.782101] vgaarb: setting as boot device: PCI:0000:00:02.0
[    7.783957] vgaarb: device added: PCI:0000:00:02.0,decodes=io+mem,owns=io+mem,locks=none
[    7.791749] vgaarb: loaded
[    7.792627] vgaarb: bridge control possible 0000:00:02.0
[    7.794394] SCSI subsystem initialized
[    7.795963] ACPI: bus type USB registered
[    7.808346] usbcore: registered new interface driver usbfs
[    7.814864] usbcore: registered new interface driver hub
[    7.826426] usbcore: registered new device driver usb
[    7.837361] PCI: Using ACPI for IRQ routing
[    7.841313] NetLabel: Initializing
[    7.852320] NetLabel:  domain hash size = 128
[    7.854262] NetLabel:  protocols = UNLABELED CIPSOv4
[    7.872223] NetLabel:  unlabeled traffic allowed by default
[    7.878386] amd_nb: Cannot enumerate AMD northbridges
[    7.889303] clocksource: Switched to clocksource kvm-clock
[    .9153] Apprmor: pprmr ilsytemEnble
[   .2742 pnp: P ACPI init
[   .49222] pp: PnP ACPI: found 3 devices
[    8.571246] clocksource: acpi_pm: mask: 0xffffff max_cycles: 0xffffff, max_idle_ns: 2085701024 ns
[    8.600310] NET: Registered protocol family 2
[    8.649034] TCP established hash table entries: 8192 (order: 4, 65536 bytes)
[    8.697225] TCP bind hash table entries: 8192 (order: 5, 131072 bytes)
[    8.747767] TCP: Hash tables configured (established 8192 bind 8192)
[    8.765346] UDP hash table entries: 512 (order: 2, 16384 bytes)
[    8.796636] UDP-Lite hash table entries: 512 (order: 2, 16384 bytes)
[    8.832067] NET: Registered protocol family 1
[    8.833408] pci 0000:00:00.0: Limiting direct PCI/PCI transfers
[    8.834932] pci 0000:00:01.0: Activating ISA DMA hang workarounds
[    8.897871] Unpacking initramfs...
[    9.203300] Freeing initrd memory: 14788K
[    9.238088] RAPL PMU detected, API unit is 2^-32 Joules, 4 fixed counters 10737418240 ms ovfl timer
[    9.242369] hw unit of domain pp0-core 2^-0 Joules
[    9.243593] hw unit of domain package 2^-0 Joules
[    9.251739] hw unit of domain dram 2^-0 Joules
[    9.289914] hw unit of domain pp1-gpu 2^-0 Joules
[    9.333792] platform rtc_cmos: registered platform RTC device (no PNP device found)
[    9.400920] Scanning for low memory corruption every 60 seconds
[    9.421489] audit: initializing netlink subsys (disabled)
[    9.430998] audit: type=2000 audit(1539935819.882:1): initialized
[    9.432912] Initialise system trusted keyring
[    9.451101] HugeTLB registered 2 MB page size, pre-allocated 0 pages
[    9.482500] zbud: loaded
[    9.503054] VFS: Disk quotas dquot_6.6.0
[    9.537820] VFS: Dquot-cache hash table entries: 512 (order 0, 4096 bytes)
[    9.554530] squashfs: version 4.0 (2009/01/31) Phillip Lougher
[    9.571248] fuse init (API version 7.23)
[    9.598244] Key type big_key registered
[    9.600830] Allocating IMA MOK and blacklist keyrings.
[    9.620278] Key type asymmetric registered
[    9.621242] Asymmetric key parser 'x509' registered
[    9.622431] Block layer SCSI generic (bsg) driver version 0.4 loaded (major 249)
[    9.624193] io scheduler noop registered
[    9.625112] io scheduler deadline registered (default)
[    9.626280] io scheduler cfq registered
[    9.627312] pci_hotplug: PCI Hot Plug PCI Core version: 0.5
[    9.628501] pciehp: PCI Express Hot Plug Controller Driver version: 0.4
[    9.630325] ACPI: AC Adapter [AC] (off-line)
[    9.631378] input: Power Button as /devices/LNXSYSTM:00/LNXPWRBN:00/input/input0
[    9.633074] ACPI: Power Button [PWRF]
[    9.652156] input: Sleep Button as /devices/LNXSYSTM:00/LNXSLPBN:00/input/input1
[    9.692510] ACPI: Sleep Button [SLPF]
[    9.718945] GHES: HEST is not enabled!
[    9.720872] ACPI: Battery Slot [BAT0] (battery present)
[    9.736482] Serial: 8250/16550 driver, 32 ports, IRQ sharing enabled
[    9.790551] 00:02: ttyS0 at I/O 0x3f8 (irq = 4, base_baud = 115200) is a 16550A
[    9.812602] Linux agpgart interface v0.103
[    9.853867] loop: module loaded
[    9.863841] scsi host0: ata_piix
[    9.882891] scsi host1: ata_piix
[    9.892371] ata1: PATA max UDMA/33 cmd 0x1f0 ctl 0x3f6 bmdma 0xd000 irq 14
[    9.935433] ata2: PATA max UDMA/33 cmd 0x170 ctl 0x376 bmdma 0xd008 irq 15
[    9.939831] libphy: Fixed MDIO Bus: probed
[    9.968020] tun: Universal TUN/TAP device driver, 1.6
[    9.975510] tun: (C) 1999-2004 Max Krasnyansky <maxk@qualcomm.com>
[   10.027068] PPP generic driver version 2.4.2
[   10.028493] ehci_hcd: USB 2.0 'Enhanced' Host Controller (EHCI) Driver
[   10.043550] ehci-pci: EHCI PCI platform driver
[   10.049000] ehci-platform: EHCI generic platform driver
[   10.057901] ohci_hcd: USB 1.1 'Open' Host Controller (OHCI) Driver
[   10.069412] ohci-pci: OHCI PCI platform driver
[   10.073677] ohci-platform: OHCI generic platform driver
[   10.078209] uhci_hcd: USB Universal Host Controller Interface driver
[   10.082310] i8042: PNP: PS/2 Controller [PNP0303:PS2K,PNP0f03:PS2M] at 0x60,0x64 irq 1,12
[   10.095787] serio: i8042 KBD port at 0x60,0x64 irq 1
[   10.101472] serio: i8042 AUX port at 0x60,0x64 irq 12
[   10.139671] mousedev: PS/2 mouse device common for all mice
[   10.153843] rtc_cmos rtc_cmos: rtc core: registered rtc_cmos as rtc0
[   10.170380] input: AT Translated Set 2 keyboard as /devices/platform/i8042/serio0/input/input2
[   10.184161] rtc_cmos rtc_cmos: alarms up to one day, 114 bytes nvram
[   10.22479] i2c de ettries drive
[  103365] sc Rfined TS cocksure liratin:159999 MHz
[   10.334660 ccksoure:tsc: mask: 0xffffffffffffff ax_cycles: 0x171023f09ff, max_idle_ns: 440795233615 ns

[   11.140950] device-mapper: uevent: version 1.0.3
[   11.142374] device-mapper: ioctl: 4.34.0-ioctl (2015-10-28) initialised: dm-devel@redhat.com
[   11.144805] ledtrig-cpu: registered to indicate activity on CPUs
[   11.147185] NET: Registered protocol family 10
[   11.149076] NET: Registered protocol family 17
[   11.154801] Key type dns_resolver registered
[   11.175973] registered taskstats version 1
[   11.186953] Loading compiled-in X.509 certificates
[   11.201424] Loaded X.509 cert 'Build time autogenerated kernel key: 20acc96b50ca7641011eace69d32209215a9b56f'
[   11.216812] zswap: loaded using pool lzo/zbud
[   11.232290] Key type trusted registered
[   11.252329] Key type encrypted registered
[   11.270104] AppArmor: AppArmor sha1 policy hashing enabled
[   11.271491] ima: No TPM chip found, activating TPM-bypass!
[   11.286493] ima: Allocated hash algorithm: sha1
[   11.302281] evm: HMAC attrs: 0x1
[   11.303938]   Magic number: 6:85:926
[   11.305254] rtc_cmos rtc_cmos: setting system clock to 2018-10-19 07:57:03 UTC (1539935823)
[   11.322939] BIOS EDD facility v0.16 2004-Jun-25, 0 devices found
[   11.358820] EDD information not available.
[   11.395555] Freeing unused kernel memory: 1528K
[   11.417354] Write protecting the kernel read-only data: 14336k
[   11.439462] Freeing unused kernel memory: 1672K
[   11.478190] Freeing unused kernel memory: 92K
Loading, please wait...
starting version 229
[   11.496704] random: systemd-udevd: uninitialized urandom read (16 bytes read, 7 bits of entropy available)
[   11.497142] random: udevadm: uninitialized urandom read (16 bytes read, 7 bits of entropy available)
[   11.497165] random: udevadm: uninitialized urandom read (16 bytes read, 7 bits of entropy available)
[   11.506448] random: udevadm: uninitialized urandom read (16 bytes read, 7 bits of entropy available)
[   11.506504] random: udevadm: uninitialized urandom read (16 bytes read, 7 bits of entropy available)
[   11.506654] random: udevadm: uninitialized urandom read (16 bytes read, 7 bits of entropy available)
[   11.506707] random: udevadm: uninitialized urandom read (16 bytes read, 7 bits of entropy available)
[   11.506760] random: udevadm: uninitialized urandom read (16 bytes read, 7 bits of entropy available)
[   11.506812] random: udevadm: uninitialized urandom read (16 bytes read, 7 bits of entropy available)
[   11.506861] random: udevadm: uninitialized urandom read (16 bytes read, 7 bits of entropy available)
[   11.939532] Fusion MPT base driver 3.04.20
[   11.950253] Copyright (c) 1999-2008 LSI Corporation
[   11.951836] e1000: Intel(R) PRO/1000 Network Driver - version 7.3.21-k8-NAPI
[   11.953666] e1000: Copyright (c) 1999-2006 Intel Corporation.
[   11.999621] Fusion MPT SPI Host driver 3.04.20
[   12.006519] AVX2 version of gcm_enc/dec engaged.
[   12.014591] AES CTR mode by8 optimization enabled
[   12.188201] input: ImExPS/2 Generic Explorer Mouse as /devices/platform/i8042/serio1/input/input4
[   12.363710] e1000 0000:00:03.0 eth0: (PCI:33MHz:32-bit) 02:28:89:27:00:51
[   12.998018] e1000 0000:00:03.0 eth0: Intel(R) PRO/1000 Network Connection
[   13.383973] e1000 0000:00:08.0 eth1: (PCI:33MHz:32-bit) 08:00:27:7d:9f:f3
[   13.571548] e1000 0000:00:08.0 eth1: Intel(R) PRO/1000 Network Connection
[   13.595719] mptbase: ioc0: Initiating bringup
[   13.596044] e1000 0000:00:08.0 enp0s8: renamed from eth1
[   13.628279] e1000 0000:00:03.0 enp0s3: renamed from eth0
[   13.722040] ioc0: LSI53C1030 A0: Capabilities={Initiator}
[   13.898054] scsi host2: ioc0: LSI53C1030 A0, FwRev=00000000h, Ports=1, MaxQ=256, IRQ=20
[   14.054488] scsi 2:0:0:0: Direct-Access     VBOX     HARDDISK         1.0  PQ: 0 ANSI: 5
[   14.107593] scsi target2:0:0: Beginning Domain Validation
[   14.166020] scsi target2:0:0: Domain Validation skipping write tests
[   14.208044] scsi target2:0:0: Ending Domain Validation
[   14.209465] scsi target2:0:0: asynchronous
[   14.211979] scsi 2:0:1:0: Direct-Access     VBOX     HARDDISK         1.0  PQ: 0 ANSI: 5
[   14.236400] scsi target2:0:1: Beginning Domain Validation
[   14.270885] scsi target2:0:1: Domain Validation skipping write tests
[   14.303112] scsi target2:0:1: Ending Domain Validation
[   14.308855] scsi target2:0:1: asynchronous
[   14.355842] sd 2:0:0:0: Attached scsi generic sg0 type 0
[   14.356010] sd 2:0:0:0: [sda] 20971520 512-byte logical blocks: (10.7 GB/10.0 GiB)
[   14.356206] sd 2:0:0:0: [sda] Write Protect is off
[   14.356352] sd 2:0:0:0: [sda] Incomplete mode parameter data
[   14.356353] sd 2:0:0:0: [sda] Assuming drive cache: write through
[   14.357583]  sda: sda1
[   14.358457] sd 2:0:0:0: [sda] Attached SCSI disk
[   14.463272] sd 2:0:1:0: Attached scsi generic sg1 type 0
[   14.463597] sd 2:0:1:0: [sdb] 20480 512-byte logical blocks: (10.5 MB/10.0 MiB)
[   14.463883] sd 2:0:1:0: [sdb] Write Protect is off
[   14.464081] sd 2:0:1:0: [sdb] Incomplete mode parameter data
[   14.464083] sd 2:0:1:0: [sdb] Assuming drive cache: write through
[   14.466129] sd 2:0:1:0: [sdb] Attached SCSI disk
Begin: Loading e[   15.980834] md: linear personality registered for level -1
ssential drivers[   16.006276] md: multipath personality registered for level -4
 ... [   16.027179] md: raid0 personality registered for level 0
[   16.058795] md: raid1 personality registered for level 1
[   16.157464] raid6: sse2x1   gen()  7413 MB/s
[   16.229351] raid6: sse2x1   xor()  5262 MB/s
[   16.301641] raid6: sse2x2   gen()  9281 MB/s
[   16.369388] raid6: sse2x2   xor()  4829 MB/s
[   16.469504] raid6: sse2x4   gen() 11464 MB/s
[   16.554037] raid6: sse2x4   xor()  8311 MB/s
[   16.645584] raid6: avx2x1   gen() 15362 MB/s
[   16.741497] raid6: avx2x2   gen() 16311 MB/s
[   16.813470] raid6: avx2x4   gen()  9807 MB/s
[   16.818501] raid6: using algorithm avx2x2 gen() 16311 MB/s
[   16.835680] raid6: using avx2x2 recovery algorithm
[   16.869958] xor: automatically using best checksumming function:
[   16.937529]    avx       : 21183.000 MB/sec
[   16.955562] async_tx: api initialized (async)
[   16.977145] md: raid6 personality registered for level 6
[   16.978670] md: raid5 personality registered for level 5
[   16.980110] md: raid4 personality registered for level 4
[   17.033160] md: raid10 personality registered for level 10
done.
Begin: Running /scripts/init-premount ... done.
Begin: Mounting root file system ... Begin: Running /scripts/local-top ... done.
Begin: Running /scripts/local-premount ... [   17.076798] Btrfs loaded
Scanning for Btrfs filesystems
done.
Warning: fsck no[   17.111740] EXT4-fs (sda1): mounted filesystem with ordered data mode. Opts: (null)
t present, so skipping root file system
done.
Begin: Running /scripts/local-bottom ... done.
Begin: Running /scripts/init-bottom ... done.
[   17.304911] systemd[1]: systemd 229 running in system mode. (+PAM +AUDIT +SELINUX +IMA +APPARMOR +SMACK +SYSVINIT +UTMP +LIBCRYPTSETUP +GCRYPT +GNUTLS +ACL +XZ -LZ4 +SECCOMP +BLKID +ELFUTILS +KMOD -IDN)
[   17.363492] systemd[1]: Detected virtualization oracle.
[   17.395077] systemd[1]: Detected architecture x86-64.

Welcome to [1mUbuntu 16.04.5 LTS[0m!

[   17.464530] systemd[1]: Set hostname to <ubuntu>.
[   17.485011] systemd[1]: Initializing machine ID from random generator.
[   17.488084] systemd[1]: Installed transient /etc/machine-id file.
[   17.786279] systemd[1]: Set up automount Arbitrary Executable File Formats File System Automount Point.
[[0;32m  OK  [0m] Set up automount Arbitrary Executab...ats File System Automount Point.
[   17.870887] systemd[1]: Created slice System Slice.
[[0;32m  OK  [0m] Created slice System Slice.
[   17.887047] systemd[1]: Created slice system-serial\x2dgetty.slice.
[[0;32m  OK  [0m] Created slice system-serial\x2dgetty.slice.
[   17.909770] systemd[1]: Created slice User and Session Slice.
[[0;32m  OK  [0m] Created slice User and Session Slice.
[   17.934026] systemd[1]: Listening on Syslog Socket.
[[0;32m  OK  [0m] Listening on Syslog Socket.
[   17.978313] systemd[1]: Reached target Swap.
[[0;32m  OK  [0m] Reached target Swap.
[   18.042498] systemd[1]: Listening on LVM2 poll daemon socket.
[[0;32m  OK  [0m] Listening on LVM2 poll daemon socket.
[   18.126279] systemd[1]: Reached target Slices.
[[0;32m  OK  [0m] Reached target Slices.
[   18.170293] systemd[1]: Listening on LVM2 metadata daemon socket.
[[0;32m  OK  [0m] Listening on LVM2 metadata daemon socket.
[   18.241088] systemd[1]: Listening on udev Control Socket.
[[0;32m  OK  [0m] Listening on udev Control Socket.
[   18.274595] systemd[1]: Reached target Encrypted Volumes.
[[0;32m  OK  [0m] Reached target Encrypted Volumes.
[   18.322039] systemd[1]: Listening on Journal Socket (/dev/log).
[[0;32m  OK  [0m] Listening on Journal Socket (/dev/log).
[   18.402107] systemd[1]: Listening on /dev/initctl Compatibility Named Pipe.
[[0;32m  OK  [0m] Listening on /dev/initctl Compatibility Named Pipe.
[   18.477731] systemd[1]: Reached target System Time Synchronized.
[[0;32m  OK  [0m] Reached target System Time Synchronized.
[   18.514837] systemd[1]: Listening on Journal Audit Socket.
[[0;32m  OK  [0m] Listening on Journal Audit Socket.
[   18.554390] systemd[1]: Reached target User and Group Name Lookups.
[[0;32m  OK  [0m] Reached target User and Group Name Lookups.
[   18.608490] systemd[1]: Listening on Journal Socket.
[[0;32m  OK  [0m] Listening on Journal Socket.
[   18.673817] systemd[1]: Starting Journal Service...
         Starting Journal Service...
[   18.726447] systemd[1]: Starting Set console keymap...
[   18.727320] random: nonblocking pool is initialized
         Starting Set console keymap...
[   18.798075] systemd[1]: Starting Load Kernel Modules...
         Starting Load Kernel Modules...
[   18.805917] Loading iSCSI transport class v2.0-870.
[   19.183209] systemd[1]: Mounting POSIX Message Queue File System...
         Mounting POSIX Message Queue File System...
[   19.187481] systemd[1]: Starting Uncomplicated firewall...
         Starting Uncomplicated firewall...
[   19.191591] systemd[1]: Mounting Debug File System...
         Mounting Debug File System...
[   19.196610] systemd[1]: Starting Remount Root and Kernel File Systems...
[   19.199585] iscsi: registered transport (tcp)
         Starting Remount Root and Kernel File Systems...
[   19.206391] systemd[1]: Starting Create list of required static device nodes for the current kernel...
[   19.223630] EXT4-fs (sda1): re-mounted. Opts: (null)
         Starting Create list of required st... [   19.245975] iscsi: registered transport (iser)
nodes for the current kernel...
[   19.306431] systemd[1]: Starting Nameserver information manager...
         Starting Nameserver information manager...
[   19.335105] systemd[1]: Started Forward Password Requests to Wall Directory Watch.
[[0;32m  OK  [0m] Started Forward Password Requests to Wall Directory Watch.
[   19.437275] systemd[1]: Listening on udev Kernel Socket.
[[0;32m  OK  [0m] Listening on udev Kernel Socket.
[   19.474370] systemd[1]: Started Trigger resolvconf update for networkd DNS.
[[0;32m  OK  [0m] Started Trigger resolvconf update for networkd DNS.
[   19.521788] systemd[1]: Mounting Huge Pages File System...
         Mounting Huge Pages File System...
[   19.550029] systemd[1]: Listening on Device-mapper event daemon FIFOs.
[[0;32m  OK  [0m] Listening on Device-mapper event daemon FIFOs.
[   19.622345] systemd[1]: Starting Monitoring of LVM2 mirrors, snapshots etc. using dmeventd or progress polling...
         Starting Monitoring of LVM2 mirrors... dmeventd or progress polling...
[   19.683199] systemd[1]: Mounted Debug File System.
[[0;32m  OK  [0m] Mounted Debug File System.
[   19.754027] systemd[1]: Mounted POSIX Message Queue File System.
[[0;32m  OK  [0m] Mounted POSIX Message Queue File System.
[   19.789994] systemd[1]: Mounted Huge Pages File System.
[[0;32m  OK  [0m] Mounted Huge Pages File System.
[   19.854244] systemd[1]: Started Journal Service.
[[0;32m  OK  [0m] Started Journal Service.
[[0;32m  OK  [0m] Started Set console keymap.
[[0;32m  OK  [0m] Started Load Kernel Modules.
[[0;32m  OK  [0m] Started Uncomplicated firewall.
[[0;32m  OK  [0m] Started Remount Root and Kernel File Systems.
[[0;32m  OK  [0m] Started Create list of required sta...ce nodes for the current kernel.
[[0;32m  OK  [0m] Started Nameserver information manager.
[[0;32m  OK  [0m] Started LVM2 metadata daemon.
         Starting Create Static Device Nodes in /dev...
         Starting udev Coldplug all Devices...
         Starting Load/Save Random Seed...
         Starting Apply Kernel Variables...
         Mounting FUSE Control File System...
         Starting Flush Journal to Persistent Storage...
[[0;32m  OK  [0m] Mounted FUSE Control File System.
[[0;32m  OK  [0m] Started Monitoring of LVM2 mirrors,...ng dmeventd or progress polling.
[[0;32m  OK  [0m] Started Create Static Device Nodes in /dev.
[[0;32m  OK  [0m] Started Load/Save Random Seed.
[[0;32m  OK  [0m] Started Apply Kernel Variables.
[[0;32m  OK  [0m] Started udev Coldplug all Devices.
[[0;32m  OK  [0m] Started Flush Journal to Persistent Storage.
         Starting udev Kernel Device Manager...
[[0;32m  OK  [0m] Started udev Kernel Device Manager.
[[0;32m  OK  [0m] Reached target Local File Systems (Pre).
[[0;32m  OK  [0m] Reached target Local File Systems.
         Starting Set console font and keymap...
         Starting Commit a transient machine-id on disk...
         Starting Create Volatile Files and Directories...
         Starting Tell Plymouth To Write Out Runtime Data...
         Starting LSB: AppArmor initialization...
         Starting Initial cloud-init job (pre-networking)...
[[0;32m  OK  [0m] Started Dispatch Password Requests to Console Directory Watch.
[[0;32m  OK  [0m] Started Create Volatile Files and Directories.
[[0;32m  OK  [0m] Started Commit a transient machine-id on disk.
[[0;32m  OK  [0m] Started Tell Plymouth To Write Out Runtime Data.
         Starting Update UTMP about System Boot/Shutdown...
[[0;32m  OK  [0m] Started Update UTMP about System Boot/Shutdown.
[[0;32m  OK  [0m] Found device /dev/ttyS0.
[[0;32m  OK  [0m] Listening on Load/Save RF Kill Switch Status /dev/rfkill Watch.
[[0;32m  OK  [0m] Started LSB: AppArmor initialization.
[[0;32m  OK  [0m] Started Set console font and keymap.
[[0;32m  OK  [0m] Created slice system-getty.slice.
[   15.588816] cloud-init[487]: Cloud-init v. 18.3-9-g2e62cb8a-0ubuntu1~16.04.2 running 'init-local' at Fri, 19 Oct 2018 07:57:14 +0000. Up 15.08 seconds.
[[0;32m  OK  [0m] Started Initial cloud-init job (pre-networking).
[[0;32m  OK  [0m] Reached target Network (Pre).
         Starting Raise network interfaces...
[[0;32m  OK  [0m] Started Raise network interfaces.
[[0;32m  OK  [0m] Reached target Network.
         Starting Initial cloud-init job (metadata service crawler)...
[   17.221463] cloud-init[940]: Cloud-init v. 18.3-9-g2e62cb8a-0ubuntu1~16.04.2 running 'init' at Fri, 19 Oct 2018 07:57:15 +0000. Up 16.32 seconds.
[   17.247349] cloud-init[940]: ci-info: +++++++++++++++++++++++++++++++++++++Net device info++++++++++++++++++++++++++++++++++++++
[   17.250479] cloud-init[940]: ci-info: +--------+-------+--------------------------+---------------+--------+-------------------+
[[   17.308912] cloud-init[940]: ci-info: | Device |   Up  |         Address          |      Mask     | Scope  |     Hw-Address    |
[   17.309857] cloud-init[940]: ci-info: +--------+-------+--------------------------+---------------+--------+-------------------+
[   17.310934] cloud-init[940]: ci-info: | enp0s3 |  True |        10.0.2.15         | 255.255.255.0 | global | 02:28:89:27:00:51 |
[   17.311181] cloud-init[940]: ci-info: | enp0s3 |  True | fe80::28:89ff:fe27:51/64 |       .       |  link  | 02:28:89:27:00:51 |
[   17.311588] cloud-init[940]: ci-info: | enp0s8 | False |            .             |       .       |   .    | 08:00:27:7d:9f:f3 |
[   17.312263] cloud-init[940]: ci-info: |   lo   |  True |        127.0.0.1         |   255.0.0.0   |  host  |         .         |
[0;32m  OK  [0m] Started Initial cloud-init job (metadata service crawler).
[   17.312441] cloud-init[940]: ci-info: |   lo   |  True |         ::1/128          |       .       |  host  |         .         |
[   17.508838] cloud-init[940]: ci-info: +--------+-------+--------------------------+---------------+--------+-------------------+
[   17.509520] cloud-init[940]: ci-info: +++++++++++++++++++++++++++Route IPv4 info++++++++++++++++++++++++++++
[   17.510343] cloud-init[940]: ci-info: +-------+-------------+----------+---------------+-----------+-------+
[   17.511110] cloud-init[940]: ci-info: | Route | Destination | Gateway  |    Genmask    | Interface | Flags |
[[0;32m  OK  [0m] Reached target Cloud-config availability.
[   17.511561] cloud-init[940]: ci-info: +-------+-------------+----------+---------------+-----------+-------+
[   17.796304] cloud-init[940]: ci-info: |   0   |   0.0.0.0   | 10.0.2.2 |    0.0.0.0    |   enp0s3  |   UG  |
[[0;32m  OK  [0m] Reached target System Initialization.
[[   17.796676] cloud-init[940]: ci-info: |   1   |   10.0.2.0  | 0.0.0.0  | 255.255.255.0 |   enp0s3  |   U   |
[   17.957505] cloud-init[940]: ci-info: +-------+-------------+----------+---------------+-----------+-------+
[   17.957848] cloud-init[940]: ci-info: +++++++++++++++++++Route IPv6 info+++++++++++++++++++
[0;32m  OK  [0m] Listening on D-Bus System Message Bus Socket.
[[   17.958729] cloud-init[940]: ci-info: +-------+-------------+---------+-----------+-------+
[   18.172354] cloud-init[940]: ci-info: | Route | Destination | Gateway | Interface | Flags |[0;32m  OK  [0m
] Listening on UUID daemon activation socket.
         Starting LXD - unix socket.[   18.172820] cloud-init[940]: ci-info: +-------+-------------+---------+-----------+-------+
[   18.323269] 
cloud-init[940]: ci-info: |   0   |  fe80::/64  |    ::   |   enp0s3  |   U   |
[   18.401062] cloud-init[940]: ci-info: |   3   |   ff00::/8  |    ::   |   enp0s3  |   U   |
[   18.401513] cloud-init[940]: ci-info: +-------+-------------+---------+-----------+-------+
[[0;32m  OK  [0m] Started Daily Cleanup of Temporary Directories.
[[   18.401939] cloud-init[940]: Generating public/private rsa key pair.
[   18.485396] cloud-init[940]: Your identification has been saved in /etc/ssh/ssh_host_rsa_key.
[0;32m  OK  [0m] Listening on ACPID Listen Socket.
[   18.485646] cloud-init[940]: Your public key has been saved in /etc/ssh/ssh_host_rsa_key.pub.
[   18.528168] cloud-init[940]: The key fingerprint is:
[[0;32m  OK  [0m] Started Daily apt download activities.
[[   18.528590] cloud-init[940]: SHA256:5aJgvtmIDeUlHHxo+GWRFWqOf4dBxpaijsJb6JARttI root@ubuntu-xenial
[   18.570505] cloud-init[940]: The key's randomart image is:
[   18.570823] cloud-init[940]: +---[RSA 2048]----+
[   18.571349] cloud-init[940]: |      .oo.       |
[   18.571573] cloud-init[940]: |   o ..+ .       |
[0;32m  OK  [0m] Started Daily apt upgrade and clean activities.
[   18.572684] cloud-init[940]: |... = B * .      |
[   18.697806] cloud-init[940]: |.o.+ X = o       |
[[0;32m  OK  [0m] Reached target Timers.
         [   18.698416] cloud-init[940]: |o.E X o S .      |
[   18.777766] cloud-init[940]: |oo.B = . +       |
[   18.778085] cloud-init[940]: |+oo.+ o o .      |
Starting Socket activation for snappy daemon.
[   18.780084] cloud-init[940]: |o.o+ = . .       |
[   18.836848] cloud-init[940]: | o. = .          |
[   18.837393] [cloud-init[0;32m  OK  [0m[940]: ] +----[SHA256]-----+Started ACPI Events Check.

[[   18.838346] cloud-init[940]: Generating public/private dsa key pair.
[   18.910722] cloud-init[940]: Your identification has been saved in /etc/ssh/ssh_host_dsa_key.
[   18.911137] cloud-init[940]: Your public key has been saved in /etc/ssh/ssh_host_dsa_key.pub.
[   18.913277] cloud-init[940]: The key fingerprint is:
[   18.913561] cloud-init[940]: SHA256:tI6Hi7SdXGKgxpmYqV+VL45pxKGQwVrEsWP1a4cA4tE root@ubuntu-xenial
[0;32m  OK  [0m] Reached target Paths.
[   18.915720] cloud-init[940]: The key's randomart image is:
[   19.117718] cloud-init[940]: +---[DSA 1024]----+
[[0;32m  OK  [0m] Reached target Network is Online.
[   19.119827] cloud-init[940]: |o+=..            |
         Starting iSCSI initiator daemon (iscsid)...
[   19.218411] cloud-init[940]: |oo+E .           |
[   19.219458] cloud-init[940]: |.=+ . . .        |
[   19.219745] cloud-init[940]: |+. ... = .       |
[   19.221636] cloud-init[940]: | . o..* S        |
[   19.268613] cloud-init[940]: | =.+o+ *         |
[   19.269216] [cloud-init[0;32m  OK  [0m[940]: ] |+ *.o * =        |Listening on LXD - unix socket.

[[0;32m  OK  [0m] Listening on Socket activation for snappy daemon.
[   19.270081] cloud-init[940]: |.. o.X B         |
[   19.404747] [[0;32m  OK  [0m] Started iSCSI initiator daemon (iscsid).
cloud-init[940]: |....= *          |
[   19.408057] cloud-init[940]: +----[SHA256]-----+
[   19.410010] cloud-init[940]: Generating public/private ecdsa key pair.
[   19.440880] cloud-init[940]: Your identification has been saved in /etc/ssh/ssh_host_ecdsa_key.
         Starting Login to default iSCSI targets...
[[0;32m  OK  [0m] Reached target Sockets.
[[0;32m  OK  [0m] Reached target Basic System.
[   19.492255] cloud-init[940]: Your public key has been saved in /etc/ssh/ssh_host_ecdsa_key.pub.
[   19.589534] cloud-init[940]: The key fingerprint is:
[   19.599399] cloud-init[940]: SHA256:+vMbbo0RPFOjUl+XiHz5N2DCCE8XQKNPLAjX5NLSHLQ root@ubuntu-xenial
         Starting System Logging Service...
[[0;32m  OK  [0m] Started Unattended Upgrades Shutdown.
[   19.657683] cloud-init[940]: The key's randomart image is:
[   19.695365] cloud-init[940]: +---[ECDSA 256]---+
[   19.696676] cloud-init[940]: |   . .+=o==oo o .|
[   19.697938] cloud-init[940]: |    o *.B.+=o*...|
[   19.699103] cloud-init[940]: |     + E * ++oo. |
[   19.700398] cloud-init[940]: |      o = * .  o.|
[   19.701918] cloud-init[940]: |        So +    o|
[   19.703432] cloud-init[940]: |       .  .      |
[   19.736527]          Starting Accounts Service...
cloud-init[940]: |      .   .+     |
[   19.769231]          Starting LSB: MD monitoring daemon...
cloud-init[940]: |       ...o..    |
[   19.792786] [cloud-init[0;32m  OK  [0m[940]: ] |        .++.     |Started Regular background program processing daemon.

[   19.794014] cloud-init[940]: +----[SHA256]-----+
[   19.860651] [[0;32m  OK  [0m] Started Deferred execution scheduler.
         Starting LSB: Record successful boot for GRUB...
[[0;32m  OK  [0m] Started D-Bus System Message Bus.
cloud-init[940]: Generating public/private ed25519 key pair.
[   19.876793] cloud-init[940]: Your identification has been saved in /etc/ssh/ssh_host_ed25519_key.
[   19.890314] cloud-init[940]: Your public key has been saved in /etc/ssh/ssh_host_ed25519_key.pub.
[   19.934573] [cloud-init[0;32m  OK  [0m[940]: ] The key fingerprint is:Started FUSE filesystem for LXC.

[   19.935320] cloud-init[940]: SHA256:bLIZ8N06T1uFzELmZ+9nF+NJSY7eQ5zDWwFyaIv7lKo root@ubuntu-xenial
[   20.031733]          Starting Login Service...
cloud-init[940]: The key's randomart image is:
[   20.048782] [[0;32m  OK  [0m] Started ACPI event daemon.
         Starting Virtualbox guest utils...
         Starting LXD - container startup/shutdown...
cloud-init[940]: +--[ED25519 256]--+
[   20.088876]          Starting Snappy daemon...
cloud-init[940]: |            .    |
[   20.121860]          Starting Pollinate to seed the pseudo random number generator...
         Starting /etc/rc.local Compatibility...
cloud-init[940]: |           + o   |
[   20.129088] cloud-init[940]: [[0;32m  OK  [0m] Started System Logging Service.
[[0;32m  OK  [0m] Started /etc/rc.local Compatibility.
|    .     = + .  |
[   20.136102] cloud-init[940]: |     o o * + . o |
[   20.138801] cloud-init[940]: |      + S = B B +|
[   20.141552] cloud-init[940]: |       * o * + %.|
[   20.146162] cloud-init[940]: |      o o = o * B|
[   20.170817] cloud-init[940]: |         = + o *+|
[   20.183986] cloud-init[940]: |       E. o   .oo|
[   20.203833] [[0;32m  OK  [0m] Started Login to default iSCSI targets.
cloud-init[940]: +----[SHA256]-----+
[[0;32m  OK  [0m] Started LSB: MD monitoring daemon.
[[0;32m  OK  [0m] Started LSB: Record successful boot for GRUB.
         Starting Authenticate and Authorize Users to Run Privileged Tasks...
[[0;32m  OK  [0m] Reached target Remote File Systems (Pre).
[[0;32m  OK  [0m] Reached target Remote File Systems.
         Starting LSB: daemon to balance interrupts for SMP systems...
         Starting LSB: automatic crash report generation...
         Starting Permit User Sessions...
         Starting LSB: Set the CPU Frequency Scaling governor to "ondemand"...
[[0;32m  OK  [0m] Started Virtualbox guest utils.
[[0;32m  OK  [0m] Started Permit User Sessions.
[[0;32m  OK  [0m] Started Login Service.
[[0;32m  OK  [0m] Started Authenticate and Authorize Users to Run Privileged Tasks.
[[0;32m  OK  [0m] Started Accounts Service.
[[0;32m  OK  [0m] Started LXD - container startup/shutdown.
         Starting Hold until boot process finishes up...
         Starting Terminate Plymouth Boot Screen...
[[0;32m  OK  [0m] Started LSB: daemon to balance interrupts for SMP systems.
[[0;32m  OK  [0m] Started LSB: automatic crash report generation.
[[0;32m  OK  [0m] Started LSB: Set the CPU Frequency Scaling governor to "ondemand".
[[0;32m  OK  [0m] Started Hold until boot process finishes up.
[[0;32m  OK  [0m] Started Terminate Plymouth Boot Screen.
[[0;32m  OK  [0m] Started Snappy daemon.
         Starting Wait until snapd is fully seeded...
         Starting Set console scheme...
[[0;32m  OK  [0m] Started Getty on tty1.
[[0;32m  OK  [0m] Started Serial Getty on ttyS0.
[[0;32m  OK  [0m] Reached target Login Prompts.
[[0;32m  OK  [0m] Started Set console scheme.
[[0;32m  OK  [0m] Started Pollinate to seed the pseudo random number generator.
         Starting OpenBSD Secure Shell server...
[[0;32m  OK  [0m] Started OpenBSD Secure Shell server.
[[0;32m  OK  [0m] Created slice User Slice of vagrant.
         Starting User Manager for UID 1000...
[[0;32m  OK  [0m] Started Session 1 of user vagrant.
[[0;32m  OK  [0m] Started User Manager for UID 1000.
[[0;32m  OK  [0m] Started Wait until snapd is fully seeded.
         Starting Apply the settings specified in cloud-config...
[[0;32m  OK  [0m] Reached target Multi-User System.
[[0;32m  OK  [0m] Reached target Graphical Interface.
         Starting Update UTMP about System Runlevel Changes...
[[0;32m  OK  [0m] Started Update UTMP about System Runlevel Changes.
         Stopping User Manager for UID 1000...
[[0;32m  OK  [0m] Stopped User Manager for UID 1000.
[[0;32m  OK  [0m] Removed slice User Slice of vagrant.
[[0;32m  OK  [0m] Created slice User Slice of vagrant.
         Starting User Manager for UID 1000...
[[0;32m  OK  [0m] Started Session 2 of user vagrant.
[[0;32m  OK  [0m] Started User Manager for UID 1000.
[   23.677657] cloud-init[1437]: Generating locales (this might take a while)...
[   25.071074] cloud-init[1437]:   en_US.UTF-8... done
[   25.074829] cloud-init[1437]: Generation complete.
[   26.084231] cloud-init[1437]: Cloud-init v. 18.3-9-g2e62cb8a-0ubuntu1~16.04.2 running 'modules:config' at Fri, 19 Oct 2018 07:57:22 +0000. Up 23.36 seconds.

Ubuntu 16.04.5 LTS ubuntu-xenial ttyS0

ubuntu-xenial login: ci-info: no authorized ssh keys fingerprints found for user ubuntu.
<14>Oct 19 07:57:26 ec2: 
<14>Oct 19 07:57:26 ec2: #############################################################
<14>Oct 19 07:57:26 ec2: -----BEGIN SSH HOST KEY FINGERPRINTS-----
<14>Oct 19 07:57:26 ec2: 1024 SHA256:tI6Hi7SdXGKgxpmYqV+VL45pxKGQwVrEsWP1a4cA4tE root@ubuntu-xenial (DSA)
<14>Oct 19 07:57:26 ec2: 256 SHA256:+vMbbo0RPFOjUl+XiHz5N2DCCE8XQKNPLAjX5NLSHLQ root@ubuntu-xenial (ECDSA)
<14>Oct 19 07:57:26 ec2: 256 SHA256:bLIZ8N06T1uFzELmZ+9nF+NJSY7eQ5zDWwFyaIv7lKo root@ubuntu-xenial (ED25519)
<14>Oct 19 07:57:26 ec2: 2048 SHA256:5aJgvtmIDeUlHHxo+GWRFWqOf4dBxpaijsJb6JARttI root@ubuntu-xenial (RSA)
<14>Oct 19 07:57:26 ec2: -----END SSH HOST KEY FINGERPRINTS-----
<14>Oct 19 07:57:26 ec2: #############################################################
-----BEGIN SSH HOST KEY KEYS-----
ecdsa-sha2-nistp256 AAAAE2VjZHNhLXNoYTItbmlzdHAyNTYAAAAIbmlzdHAyNTYAAABBBLcJWFRLj3uf4JWPolA6NHg6TN7hLZsOWS3SGPInx8ktQReTD389jcQCErP+5lO6dguODnda18aEs/+LGRa04YI= root@ubuntu-xenial
ssh-ed25519 AAAAC3NzaC1lZDI1NTE5AAAAII49VtdZBce7siJP46nE7qYjMf3+l2SWWg2AsObrQAZA root@ubuntu-xenial
ssh-rsa AAAAB3NzaC1yc2EAAAADAQABAAABAQC+3sBHQ1nhWHHPgIxOjV54Ru2uCpsTfOzWGXDmUJAIrXjfh4ChFDGmu/ZE9OVuTMb51lxwW2yFaB7QkEB4Xo/EuN36ILUXIvfZS8fEQXc3Gq5LLCMcg02SbZnl3eURwKgB4sXZlMHS1PiJ6xl87uTtxbzViIbTXErxPY/0pTgyERHllAjznbgLBPKZ/DI7ohGgTkrfeH2xeEIQD23kq2vJMerrhSzRUz6WUW9JYf70HuWUpJCpeJMeb2zFruA2LDbn3wBHerja/KFGP0F5R1q5ahNcDXFC65h8eTW/xVU3+zc4rWxbjAuBdZLrhg7ro1lVhqHRy+UQpeJrYGJFnS6V root@ubuntu-xenial
-----END SSH HOST KEY KEYS-----
[   27.349510] cloud-init[1953]: Cloud-init v. 18.3-9-g2e62cb8a-0ubuntu1~16.04.2 running 'modules:final' at Fri, 19 Oct 2018 07:57:26 +0000. Up 26.93 seconds.
[   27.349887] cloud-init[1953]: ci-info: no authorized ssh keys fingerprints found for user ubuntu.
[   27.350492] cloud-init[1953]: Cloud-init v. 18.3-9-g2e62cb8a-0ubuntu1~16.04.2 finished at Fri, 19 Oct 2018 07:57:26 +0000. Datasource DataSourceNoCloud [seed=/dev/sdb][dsmode=net].  Up 27.33 seconds
